Component: Arm Compiler for Embedded 6.22 Tool: armlink [5ee90200]

==============================================================================

Section Cross References

    startup_stm32l151xba.o(STACK) refers (Special) to heapauxi.o(.text) for __use_two_region_memory
    startup_stm32l151xba.o(HEAP) refers (Special) to heapauxi.o(.text) for __use_two_region_memory
    startup_stm32l151xba.o(RESET) refers (Special) to heapauxi.o(.text) for __use_two_region_memory
    startup_stm32l151xba.o(RESET) refers to startup_stm32l151xba.o(STACK) for __initial_sp
    startup_stm32l151xba.o(RESET) refers to startup_stm32l151xba.o(.text) for Reset_Handler
    startup_stm32l151xba.o(RESET) refers to stm32l1xx_it.o(.text.NMI_Handler) for NMI_Handler
    startup_stm32l151xba.o(RESET) refers to stm32l1xx_it.o(.text.HardFault_Handler) for HardFault_Handler
    startup_stm32l151xba.o(RESET) refers to stm32l1xx_it.o(.text.MemManage_Handler) for MemManage_Handler
    startup_stm32l151xba.o(RESET) refers to stm32l1xx_it.o(.text.BusFault_Handler) for BusFault_Handler
    startup_stm32l151xba.o(RESET) refers to stm32l1xx_it.o(.text.UsageFault_Handler) for UsageFault_Handler
    startup_stm32l151xba.o(RESET) refers to stm32l1xx_it.o(.text.SVC_Handler) for SVC_Handler
    startup_stm32l151xba.o(RESET) refers to stm32l1xx_it.o(.text.DebugMon_Handler) for DebugMon_Handler
    startup_stm32l151xba.o(RESET) refers to stm32l1xx_it.o(.text.PendSV_Handler) for PendSV_Handler
    startup_stm32l151xba.o(RESET) refers to stm32l1xx_it.o(.text.SysTick_Handler) for SysTick_Handler
    startup_stm32l151xba.o(.text) refers (Special) to heapauxi.o(.text) for __use_two_region_memory
    startup_stm32l151xba.o(.text) refers to system_stm32l1xx.o(.text.SystemInit) for SystemInit
    startup_stm32l151xba.o(.text) refers to __main.o(!!!main) for __main
    startup_stm32l151xba.o(.text) refers to startup_stm32l151xba.o(HEAP) for Heap_Mem
    startup_stm32l151xba.o(.text) refers to startup_stm32l151xba.o(STACK) for Stack_Mem
    lr11xx_hal.o(.text.lr11xx_hal_reset) refers to stm32l1xx_hal_gpio.o(.text.HAL_GPIO_WritePin) for HAL_GPIO_WritePin
    lr11xx_hal.o(.text.lr11xx_hal_reset) refers to stm32l1xx_hal.o(.text.HAL_Delay) for HAL_Delay
    lr11xx_hal.o(.ARM.exidx.text.lr11xx_hal_reset) refers to lr11xx_hal.o(.text.lr11xx_hal_reset) for [Anonymous Symbol]
    lr11xx_hal.o(.text.lr11xx_hal_wakeup) refers to stm32l1xx_hal_gpio.o(.text.HAL_GPIO_WritePin) for HAL_GPIO_WritePin
    lr11xx_hal.o(.text.lr11xx_hal_wakeup) refers to stm32l1xx_hal.o(.text.HAL_Delay) for HAL_Delay
    lr11xx_hal.o(.ARM.exidx.text.lr11xx_hal_wakeup) refers to lr11xx_hal.o(.text.lr11xx_hal_wakeup) for [Anonymous Symbol]
    lr11xx_hal.o(.text.lr11xx_hal_write) refers to stm32l1xx_hal_gpio.o(.text.HAL_GPIO_ReadPin) for HAL_GPIO_ReadPin
    lr11xx_hal.o(.text.lr11xx_hal_write) refers to stm32l1xx_hal_gpio.o(.text.HAL_GPIO_WritePin) for HAL_GPIO_WritePin
    lr11xx_hal.o(.text.lr11xx_hal_write) refers to stm32l1xx_hal_spi.o(.text.HAL_SPI_Transmit) for HAL_SPI_Transmit
    lr11xx_hal.o(.ARM.exidx.text.lr11xx_hal_write) refers to lr11xx_hal.o(.text.lr11xx_hal_write) for [Anonymous Symbol]
    lr11xx_hal.o(.text.lr11xx_hal_wait_on_busy) refers to stm32l1xx_hal_gpio.o(.text.HAL_GPIO_ReadPin) for HAL_GPIO_ReadPin
    lr11xx_hal.o(.ARM.exidx.text.lr11xx_hal_wait_on_busy) refers to lr11xx_hal.o(.text.lr11xx_hal_wait_on_busy) for [Anonymous Symbol]
    lr11xx_hal.o(.text.lr11xx_hal_read) refers to stm32l1xx_hal_gpio.o(.text.HAL_GPIO_ReadPin) for HAL_GPIO_ReadPin
    lr11xx_hal.o(.text.lr11xx_hal_read) refers to stm32l1xx_hal_gpio.o(.text.HAL_GPIO_WritePin) for HAL_GPIO_WritePin
    lr11xx_hal.o(.text.lr11xx_hal_read) refers to stm32l1xx_hal_spi.o(.text.HAL_SPI_Transmit) for HAL_SPI_Transmit
    lr11xx_hal.o(.text.lr11xx_hal_read) refers to stm32l1xx_hal_spi.o(.text.HAL_SPI_TransmitReceive) for HAL_SPI_TransmitReceive
    lr11xx_hal.o(.ARM.exidx.text.lr11xx_hal_read) refers to lr11xx_hal.o(.text.lr11xx_hal_read) for [Anonymous Symbol]
    lr11xx_hal.o(.text.lr11xx_hal_direct_read) refers to stm32l1xx_hal_gpio.o(.text.HAL_GPIO_ReadPin) for HAL_GPIO_ReadPin
    lr11xx_hal.o(.text.lr11xx_hal_direct_read) refers to stm32l1xx_hal_gpio.o(.text.HAL_GPIO_WritePin) for HAL_GPIO_WritePin
    lr11xx_hal.o(.text.lr11xx_hal_direct_read) refers to stm32l1xx_hal_spi.o(.text.HAL_SPI_Receive) for HAL_SPI_Receive
    lr11xx_hal.o(.ARM.exidx.text.lr11xx_hal_direct_read) refers to lr11xx_hal.o(.text.lr11xx_hal_direct_read) for [Anonymous Symbol]
    main.o(.text.read_temperature) refers to main.o(.bss.hi2c1) for hi2c1
    main.o(.text.read_temperature) refers to stm32l1xx_hal_i2c.o(.text.HAL_I2C_Mem_Read) for HAL_I2C_Mem_Read
    main.o(.text.read_temperature) refers to fflt_clz.o(x$fpl$fflt) for __aeabi_i2f
    main.o(.text.read_temperature) refers to fmul.o(x$fpl$fmul) for __aeabi_fmul
    main.o(.ARM.exidx.text.read_temperature) refers to main.o(.text.read_temperature) for [Anonymous Symbol]
[...]
    Removing stm32l1xx_hal_flash.o(.text.HAL_FLASH_IRQHandler), (364 bytes).
    Removing stm32l1xx_hal_flash.o(.ARM.exidx.text.HAL_FLASH_IRQHandler), (8 bytes).
    Removing stm32l1xx_hal_flash.o(.text.HAL_FLASH_OperationErrorCallback), (2 bytes).
    Removing stm32l1xx_hal_flash.o(.ARM.exidx.text.HAL_FLASH_OperationErrorCallback), (8 bytes).
    Removing stm32l1xx_hal_flash.o(.text.HAL_FLASH_EndOfOperationCallback), (2 bytes).
    Removing stm32l1xx_hal_flash.o(.ARM.exidx.text.HAL_FLASH_EndOfOperationCallback), (8 bytes).
    Removing stm32l1xx_hal_flash.o(.text.HAL_FLASH_Unlock), (76 bytes).
    Removing stm32l1xx_hal_flash.o(.ARM.exidx.text.HAL_FLASH_Unlock), (8 bytes).
    Removing stm32l1xx_hal_flash.o(.text.HAL_FLASH_Lock), (20 bytes).
    Removing stm32l1xx_hal_flash.o(.ARM.exidx.text.HAL_FLASH_Lock), (8 bytes).
    Removing stm32l1xx_hal_flash.o(.text.HAL_FLASH_OB_Unlock), (76 bytes).
    Removing stm32l1xx_hal_flash.o(.ARM.exidx.text.HAL_FLASH_OB_Unlock), (8 bytes).
    Removing stm32l1xx_hal_flash.o(.text.HAL_FLASH_OB_Lock), (20 bytes).
    Removing stm32l1xx_hal_flash.o(.ARM.exidx.text.HAL_FLASH_OB_Lock), (8 bytes).
    Removing stm32l1xx_hal_flash.o(.text.HAL_FLASH_OB_Launch), (24 bytes).
    Removing stm32l1xx_hal_flash.o(.ARM.exidx.text.HAL_FLASH_OB_Launch), (8 bytes).
    Removing stm32l1xx_hal_flash.o(.text.HAL_FLASH_GetError), (12 bytes).
    Removing stm32l1xx_hal_flash.o(.ARM.exidx.text.HAL_FLASH_GetError), (8 bytes).
    Removing stm32l1xx_hal_flash.o(.bss.pFlash), (24 bytes).
    Removing stm32l1xx_hal_flash_ex.o(.text), (0 bytes).
    Removing stm32l1xx_hal_flash_ex.o(.text.HAL_FLASHEx_Erase), (176 bytes).
    Removing stm32l1xx_hal_flash_ex.o(.ARM.exidx.text.HAL_FLASHEx_Erase), (8 bytes).
    Removing stm32l1xx_hal_flash_ex.o(.text.FLASH_PageErase), (44 bytes).
    Removing stm32l1xx_hal_flash_ex.o(.ARM.exidx.text.FLASH_PageErase), (8 bytes).
    Removing stm32l1xx_hal_flash_ex.o(.text.HAL_FLASHEx_Erase_IT), (106 bytes).
    Removing stm32l1xx_hal_flash_ex.o(.ARM.exidx.text.HAL_FLASHEx_Erase_IT), (8 bytes).
    Removing stm32l1xx_hal_flash_ex.o(.text.HAL_FLASHEx_OBProgram), (416 bytes).
    Removing stm32l1xx_hal_flash_ex.o(.ARM.exidx.text.HAL_FLASHEx_OBProgram), (8 bytes).
    Removing stm32l1xx_hal_flash_ex.o(.text.HAL_FLASHEx_OBGetConfig), (62 bytes).
    Removing stm32l1xx_hal_flash_ex.o(.ARM.exidx.text.HAL_FLASHEx_OBGetConfig), (8 bytes).
    Removing stm32l1xx_hal_flash_ex.o(.text.HAL_FLASHEx_AdvOBProgram), (148 bytes).
    Removing stm32l1xx_hal_flash_ex.o(.ARM.exidx.text.HAL_FLASHEx_AdvOBProgram), (8 bytes).
    Removing stm32l1xx_hal_flash_ex.o(.text.HAL_FLASHEx_AdvOBGetConfig), (26 bytes).
    Removing stm32l1xx_hal_flash_ex.o(.ARM.exidx.text.HAL_FLASHEx_AdvOBGetConfig), (8 bytes).
    Removing stm32l1xx_hal_flash_ex.o(.text.HAL_FLASHEx_OB_SelectPCROP), (66 bytes).
    Removing stm32l1xx_hal_flash_ex.o(.ARM.exidx.text.HAL_FLASHEx_OB_SelectPCROP), (8 bytes).
    Removing stm32l1xx_hal_flash_ex.o(.text.HAL_FLASHEx_OB_DeSelectPCROP), (56 bytes).
    Removing stm32l1xx_hal_flash_ex.o(.ARM.exidx.text.HAL_FLASHEx_OB_DeSelectPCROP), (8 bytes).
    Removing stm32l1xx_hal_flash_ex.o(.text.HAL_FLASHEx_DATAEEPROM_Unlock), (44 bytes).
    Removing stm32l1xx_hal_flash_ex.o(.ARM.exidx.text.HAL_FLASHEx_DATAEEPROM_Unlock), (8 bytes).
    Removing stm32l1xx_hal_flash_ex.o(.text.HAL_FLASHEx_DATAEEPROM_Lock), (20 bytes).
    Removing stm32l1xx_hal_flash_ex.o(.ARM.exidx.text.HAL_FLASHEx_DATAEEPROM_Lock), (8 bytes).
    Removing stm32l1xx_hal_flash_ex.o(.text.HAL_FLASHEx_DATAEEPROM_Erase), (86 bytes).
    Removing stm32l1xx_hal_flash_ex.o(.ARM.exidx.text.HAL_FLASHEx_DATAEEPROM_Erase), (8 bytes).
    Removing stm32l1xx_hal_flash_ex.o(.text.HAL_FLASHEx_DATAEEPROM_Program), (252 bytes).
    Removing stm32l1xx_hal_flash_ex.o(.ARM.exidx.text.HAL_FLASHEx_DATAEEPROM_Program), (8 bytes).
    Removing stm32l1xx_hal_flash_ex.o(.text.HAL_FLASHEx_DATAEEPROM_EnableFixedTimeProgram), (18 bytes).
    Removing stm32l1xx_hal_flash_ex.o(.ARM.exidx.text.HAL_FLASHEx_DATAEEPROM_EnableFixedTimeProgram), (8 bytes).
    Removing stm32l1xx_hal_flash_ex.o(.text.HAL_FLASHEx_DATAEEPROM_DisableFixedTimeProgram), (18 bytes).
    Removing stm32l1xx_hal_flash_ex.o(.ARM.exidx.text.HAL_FLASHEx_DATAEEPROM_DisableFixedTimeProgram), (8 bytes).
    Removing stm32l1xx_hal_flash_ramfunc.o(.text), (0 bytes).
    Removing stm32l1xx_hal_flash_ramfunc.o(.RamFunc), (684 bytes).
    Removing stm32l1xx_hal_flash_ramfunc.o(.ARM.exidx.RamFunc), (56 bytes).
    Removing stm32l1xx_hal_gpio.o(.text), (0 bytes).
    Removing stm32l1xx_hal_gpio.o(.ARM.exidx.text.HAL_GPIO_Init), (8 bytes).
    Removing stm32l1xx_hal_gpio.o(.text.HAL_GPIO_DeInit), (268 bytes).
    Removing stm32l1xx_hal_gpio.o(.ARM.exidx.text.HAL_GPIO_DeInit), (8 bytes).
    Removing stm32l1xx_hal_gpio.o(.ARM.exidx.text.HAL_GPIO_ReadPin), (8 bytes).
    Removing stm32l1xx_hal_gpio.o(.ARM.exidx.text.HAL_GPIO_WritePin), (8 bytes).
    Removing stm32l1xx_hal_gpio.o(.text.HAL_GPIO_TogglePin), (16 bytes).
    Removing stm32l1xx_hal_gpio.o(.ARM.exidx.text.HAL_GPIO_TogglePin), (8 bytes).
    Removing stm32l1xx_hal_gpio.o(.text.HAL_GPIO_LockPin), (44 bytes).
    Removing stm32l1xx_hal_gpio.o(.ARM.exidx.text.HAL_GPIO_LockPin), (8 bytes).
    Removing stm32l1xx_hal_gpio.o(.text.HAL_GPIO_EXTI_IRQHandler), (22 bytes).
    Removing stm32l1xx_hal_gpio.o(.ARM.exidx.text.HAL_GPIO_EXTI_IRQHandler), (8 bytes).
    Removing stm32l1xx_hal_gpio.o(.text.HAL_GPIO_EXTI_Callback), (2 bytes).
    Removing stm32l1xx_hal_gpio.o(.ARM.exidx.text.HAL_GPIO_EXTI_Callback), (8 bytes).
    Removing stm32l1xx_hal_dma.o(.text), (0 bytes).
    Removing stm32l1xx_hal_dma.o(.text.HAL_DMA_Init), (134 bytes).
    Removing stm32l1xx_hal_dma.o(.ARM.exidx.text.HAL_DMA_Init), (8 bytes).
    Removing stm32l1xx_hal_dma.o(.text.HAL_DMA_DeInit), (108 bytes).
    Removing stm32l1xx_hal_dma.o(.ARM.exidx.text.HAL_DMA_DeInit), (8 bytes).
    Removing stm32l1xx_hal_dma.o(.text.HAL_DMA_Start), (120 bytes).
    Removing stm32l1xx_hal_dma.o(.ARM.exidx.text.HAL_DMA_Start), (8 bytes).
    Removing stm32l1xx_hal_dma.o(.text.HAL_DMA_Start_IT), (164 bytes).
    Removing stm32l1xx_hal_dma.o(.ARM.exidx.text.HAL_DMA_Start_IT), (8 bytes).
    Removing stm32l1xx_hal_dma.o(.text.HAL_DMA_Abort), (74 bytes).
    Removing stm32l1xx_hal_dma.o(.ARM.exidx.text.HAL_DMA_Abort), (8 bytes).
    Removing stm32l1xx_hal_dma.o(.text.HAL_DMA_Abort_IT), (84 bytes).
    Removing stm32l1xx_hal_dma.o(.ARM.exidx.text.HAL_DMA_Abort_IT), (8 bytes).
    Removing stm32l1xx_hal_dma.o(.text.HAL_DMA_PollForTransfer), (306 bytes).
    Removing stm32l1xx_hal_dma.o(.ARM.exidx.text.HAL_DMA_PollForTransfer), (8 bytes).
    Removing stm32l1xx_hal_dma.o(.text.HAL_DMA_IRQHandler), (170 bytes).
    Removing stm32l1xx_hal_dma.o(.ARM.exidx.text.HAL_DMA_IRQHandler), (8 bytes).
    Removing stm32l1xx_hal_dma.o(.text.HAL_DMA_RegisterCallback), (46 bytes).
    Removing stm32l1xx_hal_dma.o(.ARM.exidx.text.HAL_DMA_RegisterCallback), (8 bytes).
    Removing stm32l1xx_hal_dma.o(.text.HAL_DMA_UnRegisterCallback), (122 bytes).
    Removing stm32l1xx_hal_dma.o(.ARM.exidx.text.HAL_DMA_UnRegisterCallback), (8 bytes).
    Removing stm32l1xx_hal_dma.o(.text.HAL_DMA_GetState), (6 bytes).
    Removing stm32l1xx_hal_dma.o(.ARM.exidx.text.HAL_DMA_GetState), (8 bytes).
    Removing stm32l1xx_hal_dma.o(.text.HAL_DMA_GetError), (4 bytes).
    Removing stm32l1xx_hal_dma.o(.ARM.exidx.text.HAL_DMA_GetError), (8 bytes).
    Removing stm32l1xx_hal_pwr.o(.text), (0 bytes).
    Removing stm32l1xx_hal_pwr.o(.text.HAL_PWR_DeInit), (26 bytes).
    Removing stm32l1xx_hal_pwr.o(.ARM.exidx.text.HAL_PWR_DeInit), (8 bytes).
    Removing stm32l1xx_hal_pwr.o(.text.HAL_PWR_EnableBkUpAccess), (12 bytes).
    Removing stm32l1xx_hal_pwr.o(.ARM.exidx.text.HAL_PWR_EnableBkUpAccess), (8 bytes).
    Removing stm32l1xx_hal_pwr.o(.text.HAL_PWR_DisableBkUpAccess), (12 bytes).
    Removing stm32l1xx_hal_pwr.o(.ARM.exidx.text.HAL_PWR_DisableBkUpAccess), (8 bytes).
    Removing stm32l1xx_hal_pwr.o(.text.HAL_PWR_ConfigPVD), (130 bytes).
    Removing stm32l1xx_hal_pwr.o(.ARM.exidx.text.HAL_PWR_ConfigPVD), (8 bytes).
    Removing stm32l1xx_hal_pwr.o(.text.HAL_PWR_EnablePVD), (12 bytes).
    Removing stm32l1xx_hal_pwr.o(.ARM.exidx.text.HAL_PWR_EnablePVD), (8 bytes).
    Removing stm32l1xx_hal_pwr.o(.text.HAL_PWR_DisablePVD), (12 bytes).
    Removing stm32l1xx_hal_pwr.o(.ARM.exidx.text.HAL_PWR_DisablePVD), (8 bytes).
    Removing stm32l1xx_hal_pwr.o(.text.HAL_PWR_EnableWakeUpPin), (22 bytes).
    Removing stm32l1xx_hal_pwr.o(.ARM.exidx.text.HAL_PWR_EnableWakeUpPin), (8 bytes).
    Removing stm32l1xx_hal_pwr.o(.text.HAL_PWR_DisableWakeUpPin), (22 bytes).
    Removing stm32l1xx_hal_pwr.o(.ARM.exidx.text.HAL_PWR_DisableWakeUpPin), (8 bytes).
    Removing stm32l1xx_hal_pwr.o(.text.HAL_PWR_EnterSLEEPMode), (50 bytes).
    Removing stm32l1xx_hal_pwr.o(.ARM.exidx.text.HAL_PWR_EnterSLEEPMode), (8 bytes).
    Removing stm32l1xx_hal_pwr.o(.text.HAL_PWR_EnterSTOPMode), (60 bytes).
    Removing stm32l1xx_hal_pwr.o(.ARM.exidx.text.HAL_PWR_EnterSTOPMode), (8 bytes).
    Removing stm32l1xx_hal_pwr.o(.text.HAL_PWR_EnterSTANDBYMode), (36 bytes).
    Removing stm32l1xx_hal_pwr.o(.ARM.exidx.text.HAL_PWR_EnterSTANDBYMode), (8 bytes).
    Removing stm32l1xx_hal_pwr.o(.text.HAL_PWR_EnableSleepOnExit), (18 bytes).
    Removing stm32l1xx_hal_pwr.o(.ARM.exidx.text.HAL_PWR_EnableSleepOnExit), (8 bytes).
    Removing stm32l1xx_hal_pwr.o(.text.HAL_PWR_DisableSleepOnExit), (18 bytes).
    Removing stm32l1xx_hal_pwr.o(.ARM.exidx.text.HAL_PWR_DisableSleepOnExit), (8 bytes).
    Removing stm32l1xx_hal_pwr.o(.text.HAL_PWR_EnableSEVOnPend), (18 bytes).
    Removing stm32l1xx_hal_pwr.o(.ARM.exidx.text.HAL_PWR_EnableSEVOnPend), (8 bytes).
    Removing stm32l1xx_hal_pwr.o(.text.HAL_PWR_DisableSEVOnPend), (18 bytes).
    Removing stm32l1xx_hal_pwr.o(.ARM.exidx.text.HAL_PWR_DisableSEVOnPend), (8 bytes).
    Removing stm32l1xx_hal_pwr.o(.text.HAL_PWR_PVD_IRQHandler), (30 bytes).
    Removing stm32l1xx_hal_pwr.o(.ARM.exidx.text.HAL_PWR_PVD_IRQHandler), (8 bytes).
    Removing stm32l1xx_hal_pwr.o(.text.HAL_PWR_PVDCallback), (2 bytes).
    Removing stm32l1xx_hal_pwr.o(.ARM.exidx.text.HAL_PWR_PVDCallback), (8 bytes).
    Removing stm32l1xx_hal_pwr_ex.o(.text), (0 bytes).
    Removing stm32l1xx_hal_pwr_ex.o(.text.HAL_PWREx_GetVoltageRange), (16 bytes).
    Removing stm32l1xx_hal_pwr_ex.o(.ARM.exidx.text.HAL_PWREx_GetVoltageRange), (8 bytes).
    Removing stm32l1xx_hal_pwr_ex.o(.text.HAL_PWREx_EnableFastWakeUp), (12 bytes).
    Removing stm32l1xx_hal_pwr_ex.o(.ARM.exidx.text.HAL_PWREx_EnableFastWakeUp), (8 bytes).
    Removing stm32l1xx_hal_pwr_ex.o(.text.HAL_PWREx_DisableFastWakeUp), (12 bytes).
    Removing stm32l1xx_hal_pwr_ex.o(.ARM.exidx.text.HAL_PWREx_DisableFastWakeUp), (8 bytes).
    Removing stm32l1xx_hal_pwr_ex.o(.text.HAL_PWREx_EnableUltraLowPower), (12 bytes).
    Removing stm32l1xx_hal_pwr_ex.o(.ARM.exidx.text.HAL_PWREx_EnableUltraLowPower), (8 bytes).
    Removing stm32l1xx_hal_pwr_ex.o(.text.HAL_PWREx_DisableUltraLowPower), (12 bytes).
    Removing stm32l1xx_hal_pwr_ex.o(.ARM.exidx.text.HAL_PWREx_DisableUltraLowPower), (8 bytes).
    Removing stm32l1xx_hal_pwr_ex.o(.text.HAL_PWREx_EnableLowPowerRunMode), (14 bytes).
    Removing stm32l1xx_hal_pwr_ex.o(.ARM.exidx.text.HAL_PWREx_EnableLowPowerRunMode), (8 bytes).
    Removing stm32l1xx_hal_pwr_ex.o(.text.HAL_PWREx_DisableLowPowerRunMode), (16 bytes).
    Removing stm32l1xx_hal_pwr_ex.o(.ARM.exidx.text.HAL_PWREx_DisableLowPowerRunMode), (8 bytes).
    Removing stm32l1xx_hal_cortex.o(.text), (0 bytes).
    Removing stm32l1xx_hal_cortex.o(.ARM.exidx.text.HAL_NVIC_SetPriorityGrouping), (8 bytes).
    Removing stm32l1xx_hal_cortex.o(.ARM.exidx.text.HAL_NVIC_SetPriority), (8 bytes).
    Removing stm32l1xx_hal_cortex.o(.text.HAL_NVIC_EnableIRQ), (34 bytes).
    Removing stm32l1xx_hal_cortex.o(.ARM.exidx.text.HAL_NVIC_EnableIRQ), (8 bytes).
    Removing stm32l1xx_hal_cortex.o(.text.HAL_NVIC_DisableIRQ), (42 bytes).
    Removing stm32l1xx_hal_cortex.o(.ARM.exidx.text.HAL_NVIC_DisableIRQ), (8 bytes).
    Removing stm32l1xx_hal_cortex.o(.text.HAL_NVIC_SystemReset), (4 bytes).
    Removing stm32l1xx_hal_cortex.o(.ARM.exidx.text.HAL_NVIC_SystemReset), (8 bytes).
    Removing stm32l1xx_hal_cortex.o(.text.__NVIC_SystemReset), (42 bytes).
    Removing stm32l1xx_hal_cortex.o(.ARM.exidx.text.__NVIC_SystemReset), (8 bytes).
    Removing stm32l1xx_hal_cortex.o(.ARM.exidx.text.HAL_SYSTICK_Config), (8 bytes).
    Removing stm32l1xx_hal_cortex.o(.text.HAL_MPU_Enable), (24 bytes).
    Removing stm32l1xx_hal_cortex.o(.ARM.exidx.text.HAL_MPU_Enable), (8 bytes).
    Removing stm32l1xx_hal_cortex.o(.text.HAL_MPU_Disable), (18 bytes).
    Removing stm32l1xx_hal_cortex.o(.ARM.exidx.text.HAL_MPU_Disable), (8 bytes).
    Removing stm32l1xx_hal_cortex.o(.text.HAL_MPU_ConfigRegion), (96 bytes).
    Removing stm32l1xx_hal_cortex.o(.ARM.exidx.text.HAL_MPU_ConfigRegion), (8 bytes).
    Removing stm32l1xx_hal_cortex.o(.text.HAL_NVIC_GetPriorityGrouping), (16 bytes).
    Removing stm32l1xx_hal_cortex.o(.ARM.exidx.text.HAL_NVIC_GetPriorityGrouping), (8 bytes).
    Removing stm32l1xx_hal_cortex.o(.text.HAL_NVIC_GetPriority), (88 bytes).
    Removing stm32l1xx_hal_cortex.o(.ARM.exidx.text.HAL_NVIC_GetPriority), (8 bytes).
    Removing stm32l1xx_hal_cortex.o(.text.HAL_NVIC_SetPendingIRQ), (34 bytes).
    Removing stm32l1xx_hal_cortex.o(.ARM.exidx.text.HAL_NVIC_SetPendingIRQ), (8 bytes).
    Removing stm32l1xx_hal_cortex.o(.text.HAL_NVIC_GetPendingIRQ), (38 bytes).
    Removing stm32l1xx_hal_cortex.o(.ARM.exidx.text.HAL_NVIC_GetPendingIRQ), (8 bytes).
    Removing stm32l1xx_hal_cortex.o(.text.HAL_NVIC_ClearPendingIRQ), (34 bytes).
    Removing stm32l1xx_hal_cortex.o(.ARM.exidx.text.HAL_NVIC_ClearPendingIRQ), (8 bytes).
    Removing stm32l1xx_hal_cortex.o(.text.HAL_NVIC_GetActive), (38 bytes).
    Removing stm32l1xx_hal_cortex.o(.ARM.exidx.text.HAL_NVIC_GetActive), (8 bytes).
    Removing stm32l1xx_hal_cortex.o(.text.HAL_SYSTICK_CLKSourceConfig), (24 bytes).
    Removing stm32l1xx_hal_cortex.o(.ARM.exidx.text.HAL_SYSTICK_CLKSourceConfig), (8 bytes).
    Removing stm32l1xx_hal_cortex.o(.text.HAL_SYSTICK_IRQHandler), (4 bytes).
    Removing stm32l1xx_hal_cortex.o(.ARM.exidx.text.HAL_SYSTICK_IRQHandler), (8 bytes).
    Removing stm32l1xx_hal_cortex.o(.text.HAL_SYSTICK_Callback), (2 bytes).
    Removing stm32l1xx_hal_cortex.o(.ARM.exidx.text.HAL_SYSTICK_Callback), (8 bytes).
    Removing stm32l1xx_hal_exti.o(.text), (0 bytes).
    Removing stm32l1xx_hal_exti.o(.text.HAL_EXTI_SetConfigLine), (186 bytes).
    Removing stm32l1xx_hal_exti.o(.ARM.exidx.text.HAL_EXTI_SetConfigLine), (8 bytes).
    Removing stm32l1xx_hal_exti.o(.text.HAL_EXTI_GetConfigLine), (148 bytes).
    Removing stm32l1xx_hal_exti.o(.ARM.exidx.text.HAL_EXTI_GetConfigLine), (8 bytes).
    Removing stm32l1xx_hal_exti.o(.text.HAL_EXTI_ClearConfigLine), (140 bytes).
    Removing stm32l1xx_hal_exti.o(.ARM.exidx.text.HAL_EXTI_ClearConfigLine), (8 bytes).
    Removing stm32l1xx_hal_exti.o(.text.HAL_EXTI_RegisterCallback), (12 bytes).
    Removing stm32l1xx_hal_exti.o(.ARM.exidx.text.HAL_EXTI_RegisterCallback), (8 bytes).
    Removing stm32l1xx_hal_exti.o(.text.HAL_EXTI_GetHandle), (12 bytes).
    Removing stm32l1xx_hal_exti.o(.ARM.exidx.text.HAL_EXTI_GetHandle), (8 bytes).
    Removing stm32l1xx_hal_exti.o(.text.HAL_EXTI_IRQHandler), (42 bytes).
    Removing stm32l1xx_hal_exti.o(.ARM.exidx.text.HAL_EXTI_IRQHandler), (8 bytes).
    Removing stm32l1xx_hal_exti.o(.text.HAL_EXTI_GetPending), (28 bytes).
    Removing stm32l1xx_hal_exti.o(.ARM.exidx.text.HAL_EXTI_GetPending), (8 bytes).
    Removing stm32l1xx_hal_exti.o(.text.HAL_EXTI_ClearPending), (24 bytes).
    Removing stm32l1xx_hal_exti.o(.ARM.exidx.text.HAL_EXTI_ClearPending), (8 bytes).
    Removing stm32l1xx_hal_exti.o(.text.HAL_EXTI_GenerateSWI), (24 bytes).
    Removing stm32l1xx_hal_exti.o(.ARM.exidx.text.HAL_EXTI_GenerateSWI), (8 bytes).
    Removing stm32l1xx_hal_spi.o(.text), (0 bytes).
    Removing stm32l1xx_hal_spi.o(.ARM.exidx.text.HAL_SPI_Init), (8 bytes).
    Removing stm32l1xx_hal_spi.o(.text.HAL_SPI_MspInit), (2 bytes).
    Removing stm32l1xx_hal_spi.o(.ARM.exidx.text.HAL_SPI_MspInit), (8 bytes).
    Removing stm32l1xx_hal_spi.o(.text.HAL_SPI_DeInit), (46 bytes).
    Removing stm32l1xx_hal_spi.o(.ARM.exidx.text.HAL_SPI_DeInit), (8 bytes).
    Removing stm32l1xx_hal_spi.o(.text.HAL_SPI_MspDeInit), (2 bytes).
    Removing stm32l1xx_hal_spi.o(.ARM.exidx.text.HAL_SPI_MspDeInit), (8 bytes).
    Removing stm32l1xx_hal_spi.o(.ARM.exidx.text.HAL_SPI_Transmit), (8 bytes).
    Removing stm32l1xx_hal_spi.o(.text.HAL_SPI_Receive), (502 bytes).
    Removing stm32l1xx_hal_spi.o(.ARM.exidx.text.HAL_SPI_Receive), (8 bytes).
    Removing stm32l1xx_hal_spi.o(.text.HAL_SPI_TransmitReceive), (840 bytes).
    Removing stm32l1xx_hal_spi.o(.ARM.exidx.text.HAL_SPI_TransmitReceive), (8 bytes).
    Removing stm32l1xx_hal_spi.o(.text.HAL_SPI_Transmit_IT), (172 bytes).
    Removing stm32l1xx_hal_spi.o(.ARM.exidx.text.HAL_SPI_Transmit_IT), (8 bytes).
    Removing stm32l1xx_hal_spi.o(.text.SPI_TxISR_16BIT), (30 bytes).
    Removing stm32l1xx_hal_spi.o(.ARM.exidx.text.SPI_TxISR_16BIT), (8 bytes).
    Removing stm32l1xx_hal_spi.o(.text.SPI_TxISR_8BIT), (32 bytes).
    Removing stm32l1xx_hal_spi.o(.ARM.exidx.text.SPI_TxISR_8BIT), (8 bytes).
    Removing stm32l1xx_hal_spi.o(.text.HAL_SPI_Receive_IT), (340 bytes).
    Removing stm32l1xx_hal_spi.o(.ARM.exidx.text.HAL_SPI_Receive_IT), (8 bytes).
    Removing stm32l1xx_hal_spi.o(.text.HAL_SPI_TransmitReceive_IT), (206 bytes).
    Removing stm32l1xx_hal_spi.o(.ARM.exidx.text.HAL_SPI_TransmitReceive_IT), (8 bytes).
    Removing stm32l1xx_hal_spi.o(.text.SPI_RxISR_16BIT), (30 bytes).
    Removing stm32l1xx_hal_spi.o(.ARM.exidx.text.SPI_RxISR_16BIT), (8 bytes).
    Removing stm32l1xx_hal_spi.o(.text.SPI_RxISR_8BIT), (32 bytes).
    Removing stm32l1xx_hal_spi.o(.ARM.exidx.text.SPI_RxISR_8BIT), (8 bytes).
    Removing stm32l1xx_hal_spi.o(.text.SPI_2linesRxISR_16BIT), (46 bytes).
    Removing stm32l1xx_hal_spi.o(.ARM.exidx.text.SPI_2linesRxISR_16BIT), (8 bytes).
    Removing stm32l1xx_hal_spi.o(.text.SPI_2linesTxISR_16BIT), (46 bytes).
    Removing stm32l1xx_hal_spi.o(.ARM.exidx.text.SPI_2linesTxISR_16BIT), (8 bytes).
    Removing stm32l1xx_hal_spi.o(.text.SPI_2linesRxISR_8BIT), (50 bytes).
    Removing stm32l1xx_hal_spi.o(.ARM.exidx.text.SPI_2linesRxISR_8BIT), (8 bytes).
    Removing stm32l1xx_hal_spi.o(.text.SPI_2linesTxISR_8BIT), (50 bytes).
    Removing stm32l1xx_hal_spi.o(.ARM.exidx.text.SPI_2linesTxISR_8BIT), (8 bytes).
    Removing stm32l1xx_hal_spi.o(.text.HAL_SPI_Transmit_DMA), (228 bytes).
    Removing stm32l1xx_hal_spi.o(.ARM.exidx.text.HAL_SPI_Transmit_DMA), (8 bytes).
    Removing stm32l1xx_hal_spi.o(.text.SPI_DMAHalfTransmitCplt), (6 bytes).
    Removing stm32l1xx_hal_spi.o(.ARM.exidx.text.SPI_DMAHalfTransmitCplt), (8 bytes).
    Removing stm32l1xx_hal_spi.o(.text.SPI_DMATransmitCplt), (244 bytes).
    Removing stm32l1xx_hal_spi.o(.ARM.exidx.text.SPI_DMATransmitCplt), (8 bytes).
    Removing stm32l1xx_hal_spi.o(.text.SPI_DMAError), (30 bytes).
    Removing stm32l1xx_hal_spi.o(.ARM.exidx.text.SPI_DMAError), (8 bytes).
    Removing stm32l1xx_hal_spi.o(.text.HAL_SPI_Receive_DMA), (248 bytes).
    Removing stm32l1xx_hal_spi.o(.ARM.exidx.text.HAL_SPI_Receive_DMA), (8 bytes).
    Removing stm32l1xx_hal_spi.o(.text.HAL_SPI_TransmitReceive_DMA), (304 bytes).
    Removing stm32l1xx_hal_spi.o(.ARM.exidx.text.HAL_SPI_TransmitReceive_DMA), (8 bytes).
    Removing stm32l1xx_hal_spi.o(.text.SPI_DMAHalfReceiveCplt), (6 bytes).
    Removing stm32l1xx_hal_spi.o(.ARM.exidx.text.SPI_DMAHalfReceiveCplt), (8 bytes).
    Removing stm32l1xx_hal_spi.o(.text.SPI_DMAReceiveCplt), (172 bytes).
    Removing stm32l1xx_hal_spi.o(.ARM.exidx.text.SPI_DMAReceiveCplt), (8 bytes).
    Removing stm32l1xx_hal_spi.o(.text.SPI_DMAHalfTransmitReceiveCplt), (6 bytes).
    Removing stm32l1xx_hal_spi.o(.ARM.exidx.text.SPI_DMAHalfTransmitReceiveCplt), (8 bytes).
    Removing stm32l1xx_hal_spi.o(.text.SPI_DMATransmitReceiveCplt), (228 bytes).
    Removing stm32l1xx_hal_spi.o(.ARM.exidx.text.SPI_DMATransmitReceiveCplt), (8 bytes).
    Removing stm32l1xx_hal_spi.o(.text.HAL_SPI_Abort), (470 bytes).
    Removing stm32l1xx_hal_spi.o(.ARM.exidx.text.HAL_SPI_Abort), (8 bytes).
    Removing stm32l1xx_hal_spi.o(.text.SPI_AbortTx_ISR), (26 bytes).
    Removing stm32l1xx_hal_spi.o(.ARM.exidx.text.SPI_AbortTx_ISR), (8 bytes).
    Removing stm32l1xx_hal_spi.o(.text.SPI_AbortRx_ISR), (154 bytes).
    Removing stm32l1xx_hal_spi.o(.ARM.exidx.text.SPI_AbortRx_ISR), (8 bytes).
    Removing stm32l1xx_hal_spi.o(.text.HAL_SPI_Abort_IT), (450 bytes).
    Removing stm32l1xx_hal_spi.o(.ARM.exidx.text.HAL_SPI_Abort_IT), (8 bytes).
    Removing stm32l1xx_hal_spi.o(.text.SPI_DMATxAbortCallback), (176 bytes).
    Removing stm32l1xx_hal_spi.o(.ARM.exidx.text.SPI_DMATxAbortCallback), (8 bytes).
    Removing stm32l1xx_hal_spi.o(.text.SPI_DMARxAbortCallback), (246 bytes).
    Removing stm32l1xx_hal_spi.o(.ARM.exidx.text.SPI_DMARxAbortCallback), (8 bytes).
    Removing stm32l1xx_hal_spi.o(.text.HAL_SPI_AbortCpltCallback), (2 bytes).
    Removing stm32l1xx_hal_spi.o(.ARM.exidx.text.HAL_SPI_AbortCpltCallback), (8 bytes).
    Removing stm32l1xx_hal_spi.o(.text.HAL_SPI_DMAPause), (32 bytes).
    Removing stm32l1xx_hal_spi.o(.ARM.exidx.text.HAL_SPI_DMAPause), (8 bytes).
    Removing stm32l1xx_hal_spi.o(.text.HAL_SPI_DMAResume), (32 bytes).
    Removing stm32l1xx_hal_spi.o(.ARM.exidx.text.HAL_SPI_DMAResume), (8 bytes).
    Removing stm32l1xx_hal_spi.o(.text.HAL_SPI_DMAStop), (74 bytes).
    Removing stm32l1xx_hal_spi.o(.ARM.exidx.text.HAL_SPI_DMAStop), (8 bytes).
    Removing stm32l1xx_hal_spi.o(.text.HAL_SPI_IRQHandler), (270 bytes).
    Removing stm32l1xx_hal_spi.o(.ARM.exidx.text.HAL_SPI_IRQHandler), (8 bytes).
    Removing stm32l1xx_hal_spi.o(.text.SPI_DMAAbortOnError), (12 bytes).
    Removing stm32l1xx_hal_spi.o(.ARM.exidx.text.SPI_DMAAbortOnError), (8 bytes).
    Removing stm32l1xx_hal_spi.o(.text.HAL_SPI_ErrorCallback), (2 bytes).
    Removing stm32l1xx_hal_spi.o(.ARM.exidx.text.HAL_SPI_ErrorCallback), (8 bytes).
    Removing stm32l1xx_hal_spi.o(.text.HAL_SPI_TxCpltCallback), (2 bytes).
    Removing stm32l1xx_hal_spi.o(.ARM.exidx.text.HAL_SPI_TxCpltCallback), (8 bytes).
    Removing stm32l1xx_hal_spi.o(.text.HAL_SPI_RxCpltCallback), (2 bytes).
    Removing stm32l1xx_hal_spi.o(.ARM.exidx.text.HAL_SPI_RxCpltCallback), (8 bytes).
    Removing stm32l1xx_hal_spi.o(.text.HAL_SPI_TxRxCpltCallback), (2 bytes).
    Removing stm32l1xx_hal_spi.o(.ARM.exidx.text.HAL_SPI_TxRxCpltCallback), (8 bytes).
    Removing stm32l1xx_hal_spi.o(.text.HAL_SPI_TxHalfCpltCallback), (2 bytes).
    Removing stm32l1xx_hal_spi.o(.ARM.exidx.text.HAL_SPI_TxHalfCpltCallback), (8 bytes).
    Removing stm32l1xx_hal_spi.o(.text.HAL_SPI_RxHalfCpltCallback), (2 bytes).
    Removing stm32l1xx_hal_spi.o(.ARM.exidx.text.HAL_SPI_RxHalfCpltCallback), (8 bytes).
    Removing stm32l1xx_hal_spi.o(.text.HAL_SPI_TxRxHalfCpltCallback), (2 bytes).
    Removing stm32l1xx_hal_spi.o(.ARM.exidx.text.HAL_SPI_TxRxHalfCpltCallback), (8 bytes).
    Removing stm32l1xx_hal_spi.o(.text.HAL_SPI_GetState), (6 bytes).
    Removing stm32l1xx_hal_spi.o(.ARM.exidx.text.HAL_SPI_GetState), (8 bytes).
    Removing stm32l1xx_hal_spi.o(.text.HAL_SPI_GetError), (4 bytes).
    Removing stm32l1xx_hal_spi.o(.ARM.exidx.text.HAL_SPI_GetError), (8 bytes).
    Removing stm32l1xx_hal_spi.o(.text.SPI_CloseRxTx_ISR), (350 bytes).
    Removing stm32l1xx_hal_spi.o(.ARM.exidx.text.SPI_CloseRxTx_ISR), (8 bytes).
    Removing stm32l1xx_hal_spi.o(.text.SPI_CloseRx_ISR), (160 bytes).
    Removing stm32l1xx_hal_spi.o(.ARM.exidx.text.SPI_CloseRx_ISR), (8 bytes).
    Removing stm32l1xx_hal_spi.o(.text.SPI_CloseTx_ISR), (324 bytes).
    Removing stm32l1xx_hal_spi.o(.ARM.exidx.text.SPI_CloseTx_ISR), (8 bytes).
    Removing stm32l1xx_hal_spi.o(.ARM.exidx.text.SPI_WaitFlagStateUntilTimeout), (8 bytes).
    Removing stm32l1xx_hal_tim.o(.text), (0 bytes).
    Removing stm32l1xx_hal_tim_ex.o(.text), (0 bytes).
    Removing system_stm32l1xx.o(.text), (0 bytes).
    Removing system_stm32l1xx.o(.ARM.exidx.text.SystemInit), (8 bytes).
    Removing system_stm32l1xx.o(.text.SystemCoreClockUpdate), (148 bytes).
    Removing system_stm32l1xx.o(.ARM.exidx.text.SystemCoreClockUpdate), (8 bytes).

567 unused section(s) (total 32940 bytes) removed from the image.

==============================================================================

Image Symbol Table

    Local Symbols

    Symbol Name                              Value     Ov Type        Size  Object(Section)

    ../clib/angel/boardlib.s                 0x00000000   Number         0  boardinit1.o ABSOLUTE
    ../clib/angel/boardlib.s                 0x00000000   Number         0  boardinit2.o ABSOLUTE
    ../clib/angel/boardlib.s                 0x00000000   Number         0  boardinit3.o ABSOLUTE
    ../clib/angel/boardlib.s                 0x00000000   Number         0  boardshut.o ABSOLUTE
    ../clib/angel/handlers.s                 0x00000000   Number         0  __scatter_copy.o ABSOLUTE
    ../clib/angel/handlers.s                 0x00000000   Number         0  __scatter_zi.o ABSOLUTE
    ../clib/angel/kernel.s                   0x00000000   Number         0  __rtentry.o ABSOLUTE
    ../clib/angel/kernel.s                   0x00000000   Number         0  __rtentry2.o ABSOLUTE
    ../clib/angel/kernel.s                   0x00000000   Number         0  __rtentry4.o ABSOLUTE
    ../clib/angel/kernel.s                   0x00000000   Number         0  rtexit.o ABSOLUTE
    ../clib/angel/kernel.s                   0x00000000   Number         0  rtexit2.o ABSOLUTE
    ../clib/angel/rt.s                       0x00000000   Number         0  aeabi_ldiv0.o ABSOLUTE
    ../clib/angel/rt.s                       0x00000000   Number         0  aeabi_ldiv0_sigfpe.o ABSOLUTE
    ../clib/angel/rt.s                       0x00000000   Number         0  rt_div0.o ABSOLUTE
    ../clib/angel/rt.s                       0x00000000   Number         0  rt_raise.o ABSOLUTE
    ../clib/angel/scatter.s                  0x00000000   Number         0  __scatter.o ABSOLUTE
    ../clib/angel/startup.s                  0x00000000   Number         0  __main.o ABSOLUTE
    ../clib/angel/sys.s                      0x00000000   Number         0  sys_stackheap_outer.o ABSOLUTE
    ../clib/angel/sys.s                      0x00000000   Number         0  libspace.o ABSOLUTE
    ../clib/angel/sys.s                      0x00000000   Number         0  use_no_semi.o ABSOLUTE
    ../clib/angel/sys.s                      0x00000000   Number         0  indicate_semi.o ABSOLUTE
    ../clib/angel/sysapp.c                   0x00000000   Number         0  sys_exit.o ABSOLUTE
    ../clib/angel/sysapp.c                   0x00000000   Number         0  sys_exit_hlt.o ABSOLUTE
    ../clib/angel/sysapp.c                   0x00000000   Number         0  sys_wrch.o ABSOLUTE
    ../clib/angel/sysapp.c                   0x00000000   Number         0  sys_wrch_hlt.o ABSOLUTE
    ../clib/angel/sysapp.c                   0x00000000   Number         0  sys_command.o ABSOLUTE
    ../clib/angel/sysapp.c                   0x00000000   Number         0  sys_command_hlt.o ABSOLUTE
    ../clib/armsys.c                         0x00000000   Number         0  argv_veneer.o ABSOLUTE
    ../clib/armsys.c                         0x00000000   Number         0  argv_veneer.o ABSOLUTE
    ../clib/armsys.c                         0x00000000   Number         0  _get_argv_nomalloc.o ABSOLUTE
    ../clib/armsys.c                         0x00000000   Number         0  no_argv.o ABSOLUTE
    ../clib/heapalloc.c                      0x00000000   Number         0  hrguard.o ABSOLUTE
    ../clib/heapaux.c                        0x00000000   Number         0  heapauxi.o ABSOLUTE
    ../clib/libinit.s                        0x00000000   Number         0  libinit.o ABSOLUTE
    ../clib/libinit.s                        0x00000000   Number         0  libinit2.o ABSOLUTE
    ../clib/libinit.s                        0x00000000   Number         0  libshutdown.o ABSOLUTE
    ../clib/libinit.s                        0x00000000   Number         0  libshutdown2.o ABSOLUTE
    ../clib/longlong.s                       0x00000000   Number         0  lludivv7m.o ABSOLUTE
    ../clib/memcpset.s                       0x00000000   Number         0  rt_memclr_w.o ABSOLUTE
    ../clib/signal.c                         0x00000000   Number         0  defsig_fpe_outer.o ABSOLUTE
    ../clib/signal.c                         0x00000000   Number         0  defsig_fpe_formal.o ABSOLUTE
    ../clib/signal.c                         0x00000000   Number         0  defsig_exit.o ABSOLUTE
    ../clib/signal.c                         0x00000000   Number         0  defsig_fpe_inner.o ABSOLUTE
    ../clib/signal.c                         0x00000000   Number         0  __raise.o ABSOLUTE
    ../clib/signal.c                         0x00000000   Number         0  defsig_general.o ABSOLUTE
    ../clib/signal.c                         0x00000000   Number         0  defsig_abrt_inner.o ABSOLUTE
    ../clib/signal.c                         0x00000000   Number         0  defsig_rtred_inner.o ABSOLUTE
    ../clib/signal.c                         0x00000000   Number         0  defsig_rtmem_inner.o ABSOLUTE
    ../clib/signal.c                         0x00000000   Number         0  defsig_rtmem_outer.o ABSOLUTE
    ../clib/signal.c                         0x00000000   Number         0  defsig_rtmem_formal.o ABSOLUTE
    ../clib/signal.c                         0x00000000   Number         0  defsig_stak_inner.o ABSOLUTE
    ../clib/signal.c                         0x00000000   Number         0  defsig_pvfn_inner.o ABSOLUTE
    ../clib/signal.c                         0x00000000   Number         0  defsig_cppl_inner.o ABSOLUTE
    ../clib/signal.c                         0x00000000   Number         0  defsig_segv_inner.o ABSOLUTE
    ../clib/signal.c                         0x00000000   Number         0  defsig_other.o ABSOLUTE
    ../clib/signal.s                         0x00000000   Number         0  defsig.o ABSOLUTE
    ../clib/stdlib.c                         0x00000000   Number         0  exit.o ABSOLUTE
    ../fplib/fcmp.s                          0x00000000   Number         0  fcmp.o ABSOLUTE
    ../fplib/fcmpi.s                         0x00000000   Number         0  fcmpi.o ABSOLUTE
    ../fplib/feqf.s                          0x00000000   Number         0  feqf.o ABSOLUTE
    ../fplib/ffix.s                          0x00000000   Number         0  ffix.o ABSOLUTE
    ../fplib/fflt.s                          0x00000000   Number         0  fflt_clz.o ABSOLUTE
    ../fplib/fgeqf.s                         0x00000000   Number         0  fgeqf.o ABSOLUTE
    ../fplib/fleqf.s                         0x00000000   Number         0  fleqf.o ABSOLUTE
    ../fplib/fmul.s                          0x00000000   Number         0  fmul.o ABSOLUTE
    ../fplib/fnaninf.s                       0x00000000   Number         0  fnaninf.o ABSOLUTE
    ../fplib/fpinit.s                        0x00000000   Number         0  fpinit.o ABSOLUTE
    ../fplib/fpinit_empty.s                  0x00000000   Number         0  fpinit_empty.o ABSOLUTE
    ../fplib/fretinf.s                       0x00000000   Number         0  fretinf.o ABSOLUTE
    ../fplib/usenofp.s                       0x00000000   Number         0  usenofp.o ABSOLUTE
    dc.s                                     0x00000000   Number         0  dc.o ABSOLUTE
    lr11xx_hal.c                             0x00000000   Number         0  lr11xx_hal.o ABSOLUTE
    main.c                                   0x00000000   Number         0  main.o ABSOLUTE
    startup_stm32l151xba.s                   0x00000000   Number         0  startup_stm32l151xba.o ABSOLUTE
    stm32l1xx_hal.c                          0x00000000   Number         0  stm32l1xx_hal.o ABSOLUTE
    stm32l1xx_hal_cortex.c                   0x00000000   Number         0  stm32l1xx_hal_cortex.o ABSOLUTE
    stm32l1xx_hal_dma.c                      0x00000000   Number         0  stm32l1xx_hal_dma.o ABSOLUTE
    stm32l1xx_hal_exti.c                     0x00000000   Number         0  stm32l1xx_hal_exti.o ABSOLUTE
    stm32l1xx_hal_flash.c                    0x00000000   Number         0  stm32l1xx_hal_flash.o ABSOLUTE
    stm32l1xx_hal_flash_ex.c                 0x00000000   Number         0  stm32l1xx_hal_flash_ex.o ABSOLUTE
    stm32l1xx_hal_flash_ramfunc.c            0x00000000   Number         0  stm32l1xx_hal_flash_ramfunc.o ABSOLUTE
    stm32l1xx_hal_gpio.c                     0x00000000   Number         0  stm32l1xx_hal_gpio.o ABSOLUTE
    stm32l1xx_hal_i2c.c                      0x00000000   Number         0  stm32l1xx_hal_i2c.o ABSOLUTE
    stm32l1xx_hal_msp.c                      0x00000000   Number         0  stm32l1xx_hal_msp.o ABSOLUTE
    stm32l1xx_hal_pwr.c                      0x00000000   Number         0  stm32l1xx_hal_pwr.o ABSOLUTE
    stm32l1xx_hal_pwr_ex.c                   0x00000000   Number         0  stm32l1xx_hal_pwr_ex.o ABSOLUTE
    stm32l1xx_hal_rcc.c                      0x00000000   Number         0  stm32l1xx_hal_rcc.o ABSOLUTE
    stm32l1xx_hal_rcc_ex.c                   0x00000000   Number         0  stm32l1xx_hal_rcc_ex.o ABSOLUTE
    stm32l1xx_hal_spi.c                      0x00000000   Number         0  stm32l1xx_hal_spi.o ABSOLUTE
    stm32l1xx_hal_tim.c                      0x00000000   Number         0  stm32l1xx_hal_tim.o ABSOLUTE
    stm32l1xx_hal_tim_ex.c                   0x00000000   Number         0  stm32l1xx_hal_tim_ex.o ABSOLUTE
    stm32l1xx_it.c                           0x00000000   Number         0  stm32l1xx_it.o ABSOLUTE
    system_stm32l1xx.c                       0x00000000   Number         0  system_stm32l1xx.o ABSOLUTE
    RESET                                    0x08000000   Section      244  startup_stm32l151xba.o(RESET)
    !!!main                                  0x080000f4   Section        8  __main.o(!!!main)
    !!!scatter                               0x080000fc   Section       92  __scatter.o(!!!scatter)
    !!handler_copy                           0x08000158   Section       26  __scatter_copy.o(!!handler_copy)
    !!handler_null                           0x08000174   Section        2  __scatter.o(!!handler_null)
    !!handler_zi                             0x08000178   Section       28  __scatter_zi.o(!!handler_zi)
    .ARM.Collect$$libinit$$00000000          0x08000194   Section        2  libinit.o(.ARM.Collect$$libinit$$00000000)
    .ARM.Collect$$libinit$$00000002          0x08000196   Section        0  libinit2.o(.ARM.Collect$$libinit$$00000002)
    .ARM.Collect$$libinit$$00000004          0x08000196   Section        0  libinit2.o(.ARM.Collect$$libinit$$00000004)
    .ARM.Collect$$libinit$$00000006          0x08000196   Section        0  libinit2.o(.ARM.Collect$$libinit$$00000006)
    .ARM.Collect$$libinit$$0000000C          0x08000196   Section        0  libinit2.o(.ARM.Collect$$libinit$$0000000C)
    .ARM.Collect$$libinit$$0000000E          0x08000196   Section        0  libinit2.o(.ARM.Collect$$libinit$$0000000E)
    .ARM.Collect$$libinit$$00000010          0x08000196   Section        0  libinit2.o(.ARM.Collect$$libinit$$00000010)
    .ARM.Collect$$libinit$$00000013          0x08000196   Section        0  libinit2.o(.ARM.Collect$$libinit$$00000013)
    .ARM.Collect$$libinit$$00000015          0x08000196   Section        0  libinit2.o(.ARM.Collect$$libinit$$00000015)
    .ARM.Collect$$libinit$$00000017          0x08000196   Section        0  libinit2.o(.ARM.Collect$$libinit$$00000017)
    .ARM.Collect$$libinit$$00000019          0x08000196   Section        0  libinit2.o(.ARM.Collect$$libinit$$00000019)
    .ARM.Collect$$libinit$$0000001B          0x08000196   Section        0  libinit2.o(.ARM.Collect$$libinit$$0000001B)
    .ARM.Collect$$libinit$$0000001D          0x08000196   Section        0  libinit2.o(.ARM.Collect$$libinit$$0000001D)
    .ARM.Collect$$libinit$$0000001F          0x08000196   Section        0  libinit2.o(.ARM.Collect$$libinit$$0000001F)
    .ARM.Collect$$libinit$$00000021          0x08000196   Section        0  libinit2.o(.ARM.Collect$$libinit$$00000021)
    .ARM.Collect$$libinit$$00000023          0x08000196   Section        0  libinit2.o(.ARM.Collect$$libinit$$00000023)
    .ARM.Collect$$libinit$$00000025          0x08000196   Section        0  libinit2.o(.ARM.Collect$$libinit$$00000025)
    .ARM.Collect$$libinit$$00000027          0x08000196   Section        0  libinit2.o(.ARM.Collect$$libinit$$00000027)
    .ARM.Collect$$libinit$$0000002E          0x08000196   Section        0  libinit2.o(.ARM.Collect$$libinit$$0000002E)
    .ARM.Collect$$libinit$$00000030          0x08000196   Section        0  libinit2.o(.ARM.Collect$$libinit$$00000030)
    .ARM.Collect$$libinit$$00000032          0x08000196   Section        0  libinit2.o(.ARM.Collect$$libinit$$00000032)
    .ARM.Collect$$libinit$$00000034          0x08000196   Section        0  libinit2.o(.ARM.Collect$$libinit$$00000034)
    .ARM.Collect$$libinit$$00000035          0x08000196   Section        2  libinit2.o(.ARM.Collect$$libinit$$00000035)
    .ARM.Collect$$libshutdown$$00000000      0x08000198   Section        2  libshutdown.o(.ARM.Collect$$libshutdown$$00000000)
    .ARM.Collect$$libshutdown$$00000002      0x0800019a   Section        0  libshutdown2.o(.ARM.Collect$$libshutdown$$00000002)
    .ARM.Collect$$libshutdown$$00000004      0x0800019a   Section        0  libshutdown2.o(.ARM.Collect$$libshutdown$$00000004)
    .ARM.Collect$$libshutdown$$00000007      0x0800019a   Section        0  libshutdown2.o(.ARM.Collect$$libshutdown$$00000007)
    .ARM.Collect$$libshutdown$$0000000A      0x0800019a   Section        0  libshutdown2.o(.ARM.Collect$$libshutdown$$0000000A)
    .ARM.Collect$$libshutdown$$0000000C      0x0800019a   Section        0  libshutdown2.o(.ARM.Collect$$libshutdown$$0000000C)
    .ARM.Collect$$libshutdown$$0000000F      0x0800019a   Section        0  libshutdown2.o(.ARM.Collect$$libshutdown$$0000000F)
    .ARM.Collect$$libshutdown$$00000010      0x0800019a   Section        2  libshutdown2.o(.ARM.Collect$$libshutdown$$00000010)
    .ARM.Collect$$rtentry$$00000000          0x0800019c   Section        0  __rtentry.o(.ARM.Collect$$rtentry$$00000000)
    .ARM.Collect$$rtentry$$00000002          0x0800019c   Section        0  __rtentry2.o(.ARM.Collect$$rtentry$$00000002)
    .ARM.Collect$$rtentry$$00000004          0x0800019c   Section        6  __rtentry4.o(.ARM.Collect$$rtentry$$00000004)
    .ARM.Collect$$rtentry$$00000009          0x080001a2   Section        0  __rtentry2.o(.ARM.Collect$$rtentry$$00000009)
    .ARM.Collect$$rtentry$$0000000A          0x080001a2   Section        4  __rtentry2.o(.ARM.Collect$$rtentry$$0000000A)
    .ARM.Collect$$rtentry$$0000000C          0x080001a6   Section        0  __rtentry2.o(.ARM.Collect$$rtentry$$0000000C)
    .ARM.Collect$$rtentry$$0000000D          0x080001a6   Section        8  __rtentry2.o(.ARM.Collect$$rtentry$$0000000D)
    .ARM.Collect$$rtexit$$00000000           0x080001ae   Section        2  rtexit.o(.ARM.Collect$$rtexit$$00000000)
    .ARM.Collect$$rtexit$$00000002           0x080001b0   Section        0  rtexit2.o(.ARM.Collect$$rtexit$$00000002)
    .ARM.Collect$$rtexit$$00000003           0x080001b0   Section        4  rtexit2.o(.ARM.Collect$$rtexit$$00000003)
    .ARM.Collect$$rtexit$$00000004           0x080001b4   Section        6  rtexit2.o(.ARM.Collect$$rtexit$$00000004)
    .text                                    0x080001bc   Section       64  startup_stm32l151xba.o(.text)
    .text                                    0x080001fc   Section      240  lludivv7m.o(.text)
    .text                                    0x080002ec   Section       78  rt_memclr_w.o(.text)
    .text                                    0x0800033a   Section        0  heapauxi.o(.text)
    .text                                    0x08000340   Section       74  sys_stackheap_outer.o(.text)
    .text                                    0x0800038a   Section        0  exit.o(.text)
    .text                                    0x0800039c   Section        8  libspace.o(.text)
    .text                                    0x080003a4   Section        0  sys_exit.o(.text)
    .text                                    0x080003b0   Section        2  use_no_semi.o(.text)
    .text                                    0x080003b2   Section        0  indicate_semi.o(.text)
    [Anonymous Symbol]                       0x080003b4   Section        0  stm32l1xx_it.o(.text.BusFault_Handler)
    [Anonymous Symbol]                       0x080003b8   Section        0  stm32l1xx_it.o(.text.DebugMon_Handler)
    [Anonymous Symbol]                       0x080003bc   Section        0  stm32l1xx_hal.o(.text.HAL_Delay)
    [Anonymous Symbol]                       0x080003e4   Section        0  stm32l1xx_hal_gpio.o(.text.HAL_GPIO_Init)
    [Anonymous Symbol]                       0x0800058c   Section        0  stm32l1xx_hal_gpio.o(.text.HAL_GPIO_ReadPin)
    [Anonymous Symbol]                       0x08000598   Section        0  stm32l1xx_hal_gpio.o(.text.HAL_GPIO_WritePin)
    [Anonymous Symbol]                       0x080005a4   Section        0  stm32l1xx_hal.o(.text.HAL_GetTick)
    [Anonymous Symbol]                       0x080005b0   Section        0  stm32l1xx_hal_i2c.o(.text.HAL_I2C_Init)
    [Anonymous Symbol]                       0x08000714   Section        0  stm32l1xx_hal_i2c.o(.text.HAL_I2C_Mem_Read)
    [Anonymous Symbol]                       0x0800095c   Section        0  stm32l1xx_hal_msp.o(.text.HAL_I2C_MspInit)
    [Anonymous Symbol]                       0x080009cc   Section        0  stm32l1xx_hal.o(.text.HAL_IncTick)
    [Anonymous Symbol]                       0x080009e8   Section        0  stm32l1xx_hal.o(.text.HAL_Init)
    [Anonymous Symbol]                       0x08000a08   Section        0  stm32l1xx_hal.o(.text.HAL_InitTick)
    [Anonymous Symbol]                       0x08000a58   Section        0  stm32l1xx_hal_msp.o(.text.HAL_MspInit)
    [Anonymous Symbol]                       0x08000aa4   Section        0  stm32l1xx_hal_cortex.o(.text.HAL_NVIC_SetPriority)
    [Anonymous Symbol]                       0x08000afc   Section        0  stm32l1xx_hal_cortex.o(.text.HAL_NVIC_SetPriorityGrouping)
    [Anonymous Symbol]                       0x08000b1c   Section        0  stm32l1xx_hal_rcc.o(.text.HAL_RCC_ClockConfig)
    [Anonymous Symbol]                       0x08000d44   Section        0  stm32l1xx_hal_rcc.o(.text.HAL_RCC_GetPCLK1Freq)
    [Anonymous Symbol]                       0x08000d6c   Section        0  stm32l1xx_hal_rcc.o(.text.HAL_RCC_OscConfig)
    [Anonymous Symbol]                       0x080012e4   Section        0  stm32l1xx_hal_spi.o(.text.HAL_SPI_Init)
    [Anonymous Symbol]                       0x08001384   Section        0  stm32l1xx_hal_msp.o(.text.HAL_SPI_MspInit)
    [Anonymous Symbol]                       0x080013f8   Section        0  stm32l1xx_hal_spi.o(.text.HAL_SPI_Transmit)
    [Anonymous Symbol]                       0x0800166c   Section        0  stm32l1xx_hal_cortex.o(.text.HAL_SYSTICK_Config)
    [Anonymous Symbol]                       0x08001698   Section        0  stm32l1xx_it.o(.text.HardFault_Handler)
    I2C_RequestMemoryRead                    0x0800169d   Thumb Code   274  stm32l1xx_hal_i2c.o(.text.I2C_RequestMemoryRead)
    [Anonymous Symbol]                       0x0800169c   Section        0  stm32l1xx_hal_i2c.o(.text.I2C_RequestMemoryRead)
    I2C_WaitOnFlagUntilTimeout               0x080017b1   Thumb Code   458  stm32l1xx_hal_i2c.o(.text.I2C_WaitOnFlagUntilTimeout)
    [Anonymous Symbol]                       0x080017b0   Section        0  stm32l1xx_hal_i2c.o(.text.I2C_WaitOnFlagUntilTimeout)
    I2C_WaitOnMasterAddressFlagUntilTimeout  0x0800197d   Thumb Code   214  stm32l1xx_hal_i2c.o(.text.I2C_WaitOnMasterAddressFlagUntilTimeout)
    [Anonymous Symbol]                       0x0800197c   Section        0  stm32l1xx_hal_i2c.o(.text.I2C_WaitOnMasterAddressFlagUntilTimeout)
    I2C_WaitOnRXNEFlagUntilTimeout           0x08001a55   Thumb Code   144  stm32l1xx_hal_i2c.o(.text.I2C_WaitOnRXNEFlagUntilTimeout)
    [Anonymous Symbol]                       0x08001a54   Section        0  stm32l1xx_hal_i2c.o(.text.I2C_WaitOnRXNEFlagUntilTimeout)
    I2C_WaitOnTXEFlagUntilTimeout            0x08001ae5   Thumb Code   186  stm32l1xx_hal_i2c.o(.text.I2C_WaitOnTXEFlagUntilTimeout)
    [Anonymous Symbol]                       0x08001ae4   Section        0  stm32l1xx_hal_i2c.o(.text.I2C_WaitOnTXEFlagUntilTimeout)
    [Anonymous Symbol]                       0x08001ba0   Section        0  stm32l1xx_it.o(.text.MemManage_Handler)
    [Anonymous Symbol]                       0x08001ba4   Section        0  stm32l1xx_it.o(.text.NMI_Handler)
    [Anonymous Symbol]                       0x08001ba8   Section        0  stm32l1xx_it.o(.text.PendSV_Handler)
    SPI_WaitFlagStateUntilTimeout            0x08001bad   Thumb Code   228  stm32l1xx_hal_spi.o(.text.SPI_WaitFlagStateUntilTimeout)
    [Anonymous Symbol]                       0x08001bac   Section        0  stm32l1xx_hal_spi.o(.text.SPI_WaitFlagStateUntilTimeout)
    [Anonymous Symbol]                       0x08001c90   Section        0  stm32l1xx_it.o(.text.SVC_Handler)
    [Anonymous Symbol]                       0x08001c94   Section        0  stm32l1xx_it.o(.text.SysTick_Handler)
    [Anonymous Symbol]                       0x08001c98   Section        0  system_stm32l1xx.o(.text.SystemInit)
    [Anonymous Symbol]                       0x08001c9c   Section        0  stm32l1xx_it.o(.text.UsageFault_Handler)
    [Anonymous Symbol]                       0x08001ca0   Section        0  main.o(.text.check_temperature_threshold)
    [Anonymous Symbol]                       0x08001e44   Section        0  lr11xx_hal.o(.text.lr11xx_hal_reset)
    [Anonymous Symbol]                       0x08001e68   Section        0  lr11xx_hal.o(.text.lr11xx_hal_wakeup)
    [Anonymous Symbol]                       0x08001e8c   Section        0  lr11xx_hal.o(.text.lr11xx_hal_write)
    [Anonymous Symbol]                       0x08001ee4   Section        0  main.o(.text.main)
    x$fpl$fcmp                               0x08002090   Section       84  fcmp.o(x$fpl$fcmp)
    x$fpl$fcmpinf                            0x080020e4   Section       24  fcmpi.o(x$fpl$fcmpinf)
    x$fpl$feqf                               0x080020fc   Section      104  feqf.o(x$fpl$feqf)
    x$fpl$ffix                               0x08002164   Section       54  ffix.o(x$fpl$ffix)
    x$fpl$fflt                               0x0800219c   Section       48  fflt_clz.o(x$fpl$fflt)
    x$fpl$fgeqf                              0x080021cc   Section      104  fgeqf.o(x$fpl$fgeqf)
    x$fpl$fleqf                              0x08002234   Section      104  fleqf.o(x$fpl$fleqf)
    x$fpl$fmul                               0x0800229c   Section      258  fmul.o(x$fpl$fmul)
    x$fpl$fnaninf                            0x0800239e   Section      140  fnaninf.o(x$fpl$fnaninf)
    x$fpl$fretinf                            0x0800242a   Section       10  fretinf.o(x$fpl$fretinf)
    x$fpl$usenofp                            0x08002434   Section        0  usenofp.o(x$fpl$usenofp)
    .L_MergedGlobals                         0x20000000   Data          20  main.o(.data..L_MergedGlobals)
    [Anonymous Symbol]                       0x20000000   Section        0  main.o(.data..L_MergedGlobals)
    .L_MergedGlobals                         0x20000014   Data           8  stm32l1xx_hal.o(.data..L_MergedGlobals)
    [Anonymous Symbol]                       0x20000014   Section        0  stm32l1xx_hal.o(.data..L_MergedGlobals)
    .bss                                     0x20000020   Section       96  libspace.o(.bss)
    Heap_Mem                                 0x20000130   Data         512  startup_stm32l151xba.o(HEAP)
    HEAP                                     0x20000130   Section      512  startup_stm32l151xba.o(HEAP)
    Stack_Mem                                0x20000330   Data        1024  startup_stm32l151xba.o(STACK)
    STACK                                    0x20000330   Section     1024  startup_stm32l151xba.o(STACK)
    __initial_sp                             0x20000730   Data           0  startup_stm32l151xba.o(STACK)

    Global Symbols

    Symbol Name                              Value     Ov Type        Size  Object(Section)

    BuildAttributes$$THM_ISAv4$P$D$K$B$S$PE$A:L22UL41UL21$X:L11$S22US41US21$IEEE1$IW$~IW$USESV6$~STKCKD$USESV7$~SHL$OTIME$ROPI$EBA8$UX$STANDARDLIB$REQ8$PRES8$EABIv2 0x00000000   Number         0  anon$$obj.o ABSOLUTE
    __fp_init_empty                          0x00000000   Number         0  fpinit_empty.o ABSOLUTE
    __ARM_exceptions_init                     - Undefined Weak Reference
    __alloca_initialize                       - Undefined Weak Reference
    __arm_preinit_                            - Undefined Weak Reference
    __arm_relocate_pie_                       - Undefined Weak Reference
    __cpp_initialize__aeabi_                  - Undefined Weak Reference
    __cxa_finalize                            - Undefined Weak Reference
    __rt_locale                               - Undefined Weak Reference
    __sigvec_lookup                           - Undefined Weak Reference
    _atexit_init                              - Undefined Weak Reference
    _call_atexit_fns                          - Undefined Weak Reference
    _clock_init                               - Undefined Weak Reference
    _fp_trap_init                             - Undefined Weak Reference
    _fp_trap_shutdown                         - Undefined Weak Reference
    _get_lc_collate                           - Undefined Weak Reference
    _get_lc_ctype                             - Undefined Weak Reference
    _get_lc_monetary                          - Undefined Weak Reference
    _get_lc_numeric                           - Undefined Weak Reference
    _get_lc_time                              - Undefined Weak Reference
    _getenv_init                              - Undefined Weak Reference
    _handle_redirection                       - Undefined Weak Reference
    _init_alloc                               - Undefined Weak Reference
    _init_user_alloc                          - Undefined Weak Reference
    _initio                                   - Undefined Weak Reference
    _rand_init                                - Undefined Weak Reference
    _signal_finish                            - Undefined Weak Reference
    _signal_init                              - Undefined Weak Reference
    _terminate_alloc                          - Undefined Weak Reference
    _terminate_user_alloc                     - Undefined Weak Reference
    _terminateio                              - Undefined Weak Reference
    __Vectors_Size                           0x000000f4   Number         0  startup_stm32l151xba.o ABSOLUTE
    __Vectors                                0x08000000   Data           4  startup_stm32l151xba.o(RESET)
    __Vectors_End                            0x080000f4   Data           0  startup_stm32l151xba.o(RESET)
    __main                                   0x080000f5   Thumb Code     8  __main.o(!!!main)
    __scatterload                            0x080000fd   Thumb Code     0  __scatter.o(!!!scatter)
    __scatterload_rt2                        0x080000fd   Thumb Code    84  __scatter.o(!!!scatter)
    __scatterload_rt2_thumb_only             0x080000fd   Thumb Code     0  __scatter.o(!!!scatter)
    __scatterload_loop                       0x08000107   Thumb Code     0  __scatter.o(!!!scatter)
    __scatterload_copy                       0x08000159   Thumb Code    26  __scatter_copy.o(!!handler_copy)
    __scatterload_null                       0x08000175   Thumb Code     2  __scatter.o(!!handler_null)
    __scatterload_zeroinit                   0x08000179   Thumb Code    28  __scatter_zi.o(!!handler_zi)
    __rt_lib_init                            0x08000195   Thumb Code     0  libinit.o(.ARM.Collect$$libinit$$00000000)
    __rt_lib_init_alloca_1                   0x08000197   Thumb Code     0  libinit2.o(.ARM.Collect$$libinit$$00000030)
    __rt_lib_init_argv_1                     0x08000197   Thumb Code     0  libinit2.o(.ARM.Collect$$libinit$$0000002E)
    __rt_lib_init_atexit_1                   0x08000197   Thumb Code     0  libinit2.o(.ARM.Collect$$libinit$$0000001D)
    __rt_lib_init_clock_1                    0x08000197   Thumb Code     0  libinit2.o(.ARM.Collect$$libinit$$00000023)
    __rt_lib_init_cpp_1                      0x08000197   Thumb Code     0  libinit2.o(.ARM.Collect$$libinit$$00000034)
    __rt_lib_init_exceptions_1               0x08000197   Thumb Code     0  libinit2.o(.ARM.Collect$$libinit$$00000032)
    __rt_lib_init_fp_1                       0x08000197   Thumb Code     0  libinit2.o(.ARM.Collect$$libinit$$00000002)
    __rt_lib_init_fp_trap_1                  0x08000197   Thumb Code     0  libinit2.o(.ARM.Collect$$libinit$$00000021)
    __rt_lib_init_getenv_1                   0x08000197   Thumb Code     0  libinit2.o(.ARM.Collect$$libinit$$00000025)
    __rt_lib_init_heap_1                     0x08000197   Thumb Code     0  libinit2.o(.ARM.Collect$$libinit$$0000000C)
    __rt_lib_init_lc_collate_1               0x08000197   Thumb Code     0  libinit2.o(.ARM.Collect$$libinit$$00000013)
    __rt_lib_init_lc_ctype_1                 0x08000197   Thumb Code     0  libinit2.o(.ARM.Collect$$libinit$$00000015)
    __rt_lib_init_lc_monetary_1              0x08000197   Thumb Code     0  libinit2.o(.ARM.Collect$$libinit$$00000017)
    __rt_lib_init_lc_numeric_1               0x08000197   Thumb Code     0  libinit2.o(.ARM.Collect$$libinit$$00000019)
    __rt_lib_init_lc_time_1                  0x08000197   Thumb Code     0  libinit2.o(.ARM.Collect$$libinit$$0000001B)
    __rt_lib_init_preinit_1                  0x08000197   Thumb Code     0  libinit2.o(.ARM.Collect$$libinit$$00000006)
    __rt_lib_init_rand_1                     0x08000197   Thumb Code     0  libinit2.o(.ARM.Collect$$libinit$$00000010)
    __rt_lib_init_relocate_pie_1             0x08000197   Thumb Code     0  libinit2.o(.ARM.Collect$$libinit$$00000004)
    __rt_lib_init_return                     0x08000197   Thumb Code     0  libinit2.o(.ARM.Collect$$libinit$$00000035)
    __rt_lib_init_signal_1                   0x08000197   Thumb Code     0  libinit2.o(.ARM.Collect$$libinit$$0000001F)
    __rt_lib_init_stdio_1                    0x08000197   Thumb Code     0  libinit2.o(.ARM.Collect$$libinit$$00000027)
    __rt_lib_init_user_alloc_1               0x08000197   Thumb Code     0  libinit2.o(.ARM.Collect$$libinit$$0000000E)
    __rt_lib_shutdown                        0x08000199   Thumb Code     0  libshutdown.o(.ARM.Collect$$libshutdown$$00000000)
    __rt_lib_shutdown_cpp_1                  0x0800019b   Thumb Code     0  libshutdown2.o(.ARM.Collect$$libshutdown$$00000002)
    __rt_lib_shutdown_fp_trap_1              0x0800019b   Thumb Code     0  libshutdown2.o(.ARM.Collect$$libshutdown$$00000007)
    __rt_lib_shutdown_heap_1                 0x0800019b   Thumb Code     0  libshutdown2.o(.ARM.Collect$$libshutdown$$0000000F)
    __rt_lib_shutdown_return                 0x0800019b   Thumb Code     0  libshutdown2.o(.ARM.Collect$$libshutdown$$00000010)
    __rt_lib_shutdown_signal_1               0x0800019b   Thumb Code     0  libshutdown2.o(.ARM.Collect$$libshutdown$$0000000A)
    __rt_lib_shutdown_stdio_1                0x0800019b   Thumb Code     0  libshutdown2.o(.ARM.Collect$$libshutdown$$00000004)
    __rt_lib_shutdown_user_alloc_1           0x0800019b   Thumb Code     0  libshutdown2.o(.ARM.Collect$$libshutdown$$0000000C)
    __rt_entry                               0x0800019d   Thumb Code     0  __rtentry.o(.ARM.Collect$$rtentry$$00000000)
    __rt_entry_presh_1                       0x0800019d   Thumb Code     0  __rtentry2.o(.ARM.Collect$$rtentry$$00000002)
    __rt_entry_sh                            0x0800019d   Thumb Code     0  __rtentry4.o(.ARM.Collect$$rtentry$$00000004)
    __rt_entry_li                            0x080001a3   Thumb Code     0  __rtentry2.o(.ARM.Collect$$rtentry$$0000000A)
    __rt_entry_postsh_1                      0x080001a3   Thumb Code     0  __rtentry2.o(.ARM.Collect$$rtentry$$00000009)
    __rt_entry_main                          0x080001a7   Thumb Code     0  __rtentry2.o(.ARM.Collect$$rtentry$$0000000D)
    __rt_entry_postli_1                      0x080001a7   Thumb Code     0  __rtentry2.o(.ARM.Collect$$rtentry$$0000000C)
    __rt_exit                                0x080001af   Thumb Code     0  rtexit.o(.ARM.Collect$$rtexit$$00000000)
    __rt_exit_ls                             0x080001b1   Thumb Code     0  rtexit2.o(.ARM.Collect$$rtexit$$00000003)
    __rt_exit_prels_1                        0x080001b1   Thumb Code     0  rtexit2.o(.ARM.Collect$$rtexit$$00000002)
    __rt_exit_exit                           0x080001b5   Thumb Code     0  rtexit2.o(.ARM.Collect$$rtexit$$00000004)
    Reset_Handler                            0x080001bd   Thumb Code     8  startup_stm32l151xba.o(.text)
    ADC1_IRQHandler                          0x080001d7   Thumb Code     0  startup_stm32l151xba.o(.text)
    COMP_IRQHandler                          0x080001d7   Thumb Code     0  startup_stm32l151xba.o(.text)
    DAC_IRQHandler                           0x080001d7   Thumb Code     0  startup_stm32l151xba.o(.text)
    DMA1_Channel1_IRQHandler                 0x080001d7   Thumb Code     0  startup_stm32l151xba.o(.text)
    DMA1_Channel2_IRQHandler                 0x080001d7   Thumb Code     0  startup_stm32l151xba.o(.text)
    DMA1_Channel3_IRQHandler                 0x080001d7   Thumb Code     0  startup_stm32l151xba.o(.text)
    DMA1_Channel4_IRQHandler                 0x080001d7   Thumb Code     0  startup_stm32l151xba.o(.text)
    DMA1_Channel5_IRQHandler                 0x080001d7   Thumb Code     0  startup_stm32l151xba.o(.text)
    DMA1_Channel6_IRQHandler                 0x080001d7   Thumb Code     0  startup_stm32l151xba.o(.text)
    DMA1_Channel7_IRQHandler                 0x080001d7   Thumb Code     0  startup_stm32l151xba.o(.text)
    EXTI0_IRQHandler                         0x080001d7   Thumb Code     0  startup_stm32l151xba.o(.text)
    EXTI15_10_IRQHandler                     0x080001d7   Thumb Code     0  startup_stm32l151xba.o(.text)
    EXTI1_IRQHandler                         0x080001d7   Thumb Code     0  startup_stm32l151xba.o(.text)
    EXTI2_IRQHandler                         0x080001d7   Thumb Code     0  startup_stm32l151xba.o(.text)
    EXTI3_IRQHandler                         0x080001d7   Thumb Code     0  startup_stm32l151xba.o(.text)
    EXTI4_IRQHandler                         0x080001d7   Thumb Code     0  startup_stm32l151xba.o(.text)
    EXTI9_5_IRQHandler                       0x080001d7   Thumb Code     0  startup_stm32l151xba.o(.text)
    FLASH_IRQHandler                         0x080001d7   Thumb Code     0  startup_stm32l151xba.o(.text)
    I2C1_ER_IRQHandler                       0x080001d7   Thumb Code     0  startup_stm32l151xba.o(.text)
    I2C1_EV_IRQHandler                       0x080001d7   Thumb Code     0  startup_stm32l151xba.o(.text)
    I2C2_ER_IRQHandler                       0x080001d7   Thumb Code     0  startup_stm32l151xba.o(.text)
    I2C2_EV_IRQHandler                       0x080001d7   Thumb Code     0  startup_stm32l151xba.o(.text)
    PVD_IRQHandler                           0x080001d7   Thumb Code     0  startup_stm32l151xba.o(.text)
    RCC_IRQHandler                           0x080001d7   Thumb Code     0  startup_stm32l151xba.o(.text)
    RTC_Alarm_IRQHandler                     0x080001d7   Thumb Code     0  startup_stm32l151xba.o(.text)
    RTC_WKUP_IRQHandler                      0x080001d7   Thumb Code     0  startup_stm32l151xba.o(.text)
    SPI1_IRQHandler                          0x080001d7   Thumb Code     0  startup_stm32l151xba.o(.text)
    SPI2_IRQHandler                          0x080001d7   Thumb Code     0  startup_stm32l151xba.o(.text)
    TAMPER_STAMP_IRQHandler                  0x080001d7   Thumb Code     0  startup_stm32l151xba.o(.text)
    TIM10_IRQHandler                         0x080001d7   Thumb Code     0  startup_stm32l151xba.o(.text)
    TIM11_IRQHandler                         0x080001d7   Thumb Code     0  startup_stm32l151xba.o(.text)
    TIM2_IRQHandler                          0x080001d7   Thumb Code     0  startup_stm32l151xba.o(.text)
    TIM3_IRQHandler                          0x080001d7   Thumb Code     0  startup_stm32l151xba.o(.text)
    TIM4_IRQHandler                          0x080001d7   Thumb Code     0  startup_stm32l151xba.o(.text)
    TIM6_IRQHandler                          0x080001d7   Thumb Code     0  startup_stm32l151xba.o(.text)
    TIM7_IRQHandler                          0x080001d7   Thumb Code     0  startup_stm32l151xba.o(.text)
    TIM9_IRQHandler                          0x080001d7   Thumb Code     0  startup_stm32l151xba.o(.text)
    USART1_IRQHandler                        0x080001d7   Thumb Code     0  startup_stm32l151xba.o(.text)
    USART2_IRQHandler                        0x080001d7   Thumb Code     0  startup_stm32l151xba.o(.text)
    USART3_IRQHandler                        0x080001d7   Thumb Code     0  startup_stm32l151xba.o(.text)
    USB_FS_WKUP_IRQHandler                   0x080001d7   Thumb Code     0  startup_stm32l151xba.o(.text)
    USB_HP_IRQHandler                        0x080001d7   Thumb Code     0  startup_stm32l151xba.o(.text)
    USB_LP_IRQHandler                        0x080001d7   Thumb Code     0  startup_stm32l151xba.o(.text)
    WWDG_IRQHandler                          0x080001d7   Thumb Code     0  startup_stm32l151xba.o(.text)
    __user_initial_stackheap                 0x080001d9   Thumb Code     0  startup_stm32l151xba.o(.text)
    __aeabi_uldivmod                         0x080001fd   Thumb Code     0  lludivv7m.o(.text)
    _ll_udiv                                 0x080001fd   Thumb Code   240  lludivv7m.o(.text)
    __aeabi_memclr4                          0x080002ed   Thumb Code     0  rt_memclr_w.o(.text)
    __aeabi_memclr8                          0x080002ed   Thumb Code     0  rt_memclr_w.o(.text)
    __rt_memclr_w                            0x080002ed   Thumb Code     0  rt_memclr_w.o(.text)
    _memset_w                                0x080002f1   Thumb Code    74  rt_memclr_w.o(.text)
    __use_two_region_memory                  0x0800033b   Thumb Code     2  heapauxi.o(.text)
    __rt_heap_escrow$2region                 0x0800033d   Thumb Code     2  heapauxi.o(.text)
    __rt_heap_expand$2region                 0x0800033f   Thumb Code     2  heapauxi.o(.text)
    __user_setup_stackheap                   0x08000341   Thumb Code    74  sys_stackheap_outer.o(.text)
    exit                                     0x0800038b   Thumb Code    18  exit.o(.text)
    __user_libspace                          0x0800039d   Thumb Code     8  libspace.o(.text)
    __user_perproc_libspace                  0x0800039d   Thumb Code     0  libspace.o(.text)
    __user_perthread_libspace                0x0800039d   Thumb Code     0  libspace.o(.text)
    _sys_exit                                0x080003a5   Thumb Code     8  sys_exit.o(.text)
    __I$use$semihosting                      0x080003b1   Thumb Code     0  use_no_semi.o(.text)
    __use_no_semihosting_swi                 0x080003b1   Thumb Code     2  use_no_semi.o(.text)
    __semihosting_library_function           0x080003b3   Thumb Code     0  indicate_semi.o(.text)
    BusFault_Handler                         0x080003b5   Thumb Code     2  stm32l1xx_it.o(.text.BusFault_Handler)
    DebugMon_Handler                         0x080003b9   Thumb Code     2  stm32l1xx_it.o(.text.DebugMon_Handler)
    HAL_Delay                                0x080003bd   Thumb Code    40  stm32l1xx_hal.o(.text.HAL_Delay)
    HAL_GPIO_Init                            0x080003e5   Thumb Code   422  stm32l1xx_hal_gpio.o(.text.HAL_GPIO_Init)
    HAL_GPIO_ReadPin                         0x0800058d   Thumb Code    10  stm32l1xx_hal_gpio.o(.text.HAL_GPIO_ReadPin)
    HAL_GPIO_WritePin                        0x08000599   Thumb Code    10  stm32l1xx_hal_gpio.o(.text.HAL_GPIO_WritePin)
    HAL_GetTick                              0x080005a5   Thumb Code    12  stm32l1xx_hal.o(.text.HAL_GetTick)
    HAL_I2C_Init                             0x080005b1   Thumb Code   356  stm32l1xx_hal_i2c.o(.text.HAL_I2C_Init)
    HAL_I2C_Mem_Read                         0x08000715   Thumb Code   584  stm32l1xx_hal_i2c.o(.text.HAL_I2C_Mem_Read)
    HAL_I2C_MspInit                          0x0800095d   Thumb Code   112  stm32l1xx_hal_msp.o(.text.HAL_I2C_MspInit)
    HAL_IncTick                              0x080009cd   Thumb Code    26  stm32l1xx_hal.o(.text.HAL_IncTick)
    HAL_Init                                 0x080009e9   Thumb Code    30  stm32l1xx_hal.o(.text.HAL_Init)
    HAL_InitTick                             0x08000a09   Thumb Code    80  stm32l1xx_hal.o(.text.HAL_InitTick)
    HAL_MspInit                              0x08000a59   Thumb Code    74  stm32l1xx_hal_msp.o(.text.HAL_MspInit)
    HAL_NVIC_SetPriority                     0x08000aa5   Thumb Code    86  stm32l1xx_hal_cortex.o(.text.HAL_NVIC_SetPriority)
    HAL_NVIC_SetPriorityGrouping             0x08000afd   Thumb Code    32  stm32l1xx_hal_cortex.o(.text.HAL_NVIC_SetPriorityGrouping)
    HAL_RCC_ClockConfig                      0x08000b1d   Thumb Code   550  stm32l1xx_hal_rcc.o(.text.HAL_RCC_ClockConfig)
    HAL_RCC_GetPCLK1Freq                     0x08000d45   Thumb Code    38  stm32l1xx_hal_rcc.o(.text.HAL_RCC_GetPCLK1Freq)
    HAL_RCC_OscConfig                        0x08000d6d   Thumb Code  1400  stm32l1xx_hal_rcc.o(.text.HAL_RCC_OscConfig)
    HAL_SPI_Init                             0x080012e5   Thumb Code   160  stm32l1xx_hal_spi.o(.text.HAL_SPI_Init)
    HAL_SPI_MspInit                          0x08001385   Thumb Code   114  stm32l1xx_hal_msp.o(.text.HAL_SPI_MspInit)
    HAL_SPI_Transmit                         0x080013f9   Thumb Code   628  stm32l1xx_hal_spi.o(.text.HAL_SPI_Transmit)
    HAL_SYSTICK_Config                       0x0800166d   Thumb Code    44  stm32l1xx_hal_cortex.o(.text.HAL_SYSTICK_Config)
    HardFault_Handler                        0x08001699   Thumb Code     2  stm32l1xx_it.o(.text.HardFault_Handler)
    MemManage_Handler                        0x08001ba1   Thumb Code     2  stm32l1xx_it.o(.text.MemManage_Handler)
    NMI_Handler                              0x08001ba5   Thumb Code     2  stm32l1xx_it.o(.text.NMI_Handler)
    PendSV_Handler                           0x08001ba9   Thumb Code     2  stm32l1xx_it.o(.text.PendSV_Handler)
    SVC_Handler                              0x08001c91   Thumb Code     2  stm32l1xx_it.o(.text.SVC_Handler)
    SysTick_Handler                          0x08001c95   Thumb Code     4  stm32l1xx_it.o(.text.SysTick_Handler)
    SystemInit                               0x08001c99   Thumb Code     2  system_stm32l1xx.o(.text.SystemInit)
    UsageFault_Handler                       0x08001c9d   Thumb Code     2  stm32l1xx_it.o(.text.UsageFault_Handler)
    check_temperature_threshold              0x08001ca1   Thumb Code   418  main.o(.text.check_temperature_threshold)
    lr11xx_hal_reset                         0x08001e45   Thumb Code    34  lr11xx_hal.o(.text.lr11xx_hal_reset)
    lr11xx_hal_wakeup                        0x08001e69   Thumb Code    34  lr11xx_hal.o(.text.lr11xx_hal_wakeup)
    lr11xx_hal_write                         0x08001e8d   Thumb Code    88  lr11xx_hal.o(.text.lr11xx_hal_write)
    main                                     0x08001ee5   Thumb Code   428  main.o(.text.main)
    __aeabi_fcmpeq                           0x08002091   Thumb Code     0  fcmp.o(x$fpl$fcmp)
    _feq                                     0x08002091   Thumb Code    14  fcmp.o(x$fpl$fcmp)
    _fneq                                    0x0800209f   Thumb Code    14  fcmp.o(x$fpl$fcmp)
    __aeabi_fcmpgt                           0x080020ad   Thumb Code     0  fcmp.o(x$fpl$fcmp)
    _fgr                                     0x080020ad   Thumb Code    14  fcmp.o(x$fpl$fcmp)
    __aeabi_fcmpge                           0x080020bb   Thumb Code     0  fcmp.o(x$fpl$fcmp)
    _fgeq                                    0x080020bb   Thumb Code    14  fcmp.o(x$fpl$fcmp)
    __aeabi_fcmple                           0x080020c9   Thumb Code     0  fcmp.o(x$fpl$fcmp)
    _fleq                                    0x080020c9   Thumb Code    14  fcmp.o(x$fpl$fcmp)
    __aeabi_fcmplt                           0x080020d7   Thumb Code     0  fcmp.o(x$fpl$fcmp)
    _fls                                     0x080020d7   Thumb Code    14  fcmp.o(x$fpl$fcmp)
    __fpl_fcmp_Inf                           0x080020e5   Thumb Code    24  fcmpi.o(x$fpl$fcmpinf)
    __aeabi_cfcmpeq                          0x080020fd   Thumb Code     0  feqf.o(x$fpl$feqf)
    _fcmpeq                                  0x080020fd   Thumb Code   104  feqf.o(x$fpl$feqf)
    __aeabi_f2iz                             0x08002165   Thumb Code     0  ffix.o(x$fpl$ffix)
    _ffix                                    0x08002165   Thumb Code    54  ffix.o(x$fpl$ffix)
    __aeabi_i2f                              0x0800219d   Thumb Code     0  fflt_clz.o(x$fpl$fflt)
    _fflt                                    0x0800219d   Thumb Code    48  fflt_clz.o(x$fpl$fflt)
    _fcmpge                                  0x080021cd   Thumb Code   104  fgeqf.o(x$fpl$fgeqf)
    __aeabi_cfcmple                          0x08002235   Thumb Code     0  fleqf.o(x$fpl$fleqf)
    _fcmple                                  0x08002235   Thumb Code   104  fleqf.o(x$fpl$fleqf)
    __fpl_fcmple_InfNaN                      0x08002287   Thumb Code     0  fleqf.o(x$fpl$fleqf)
    __aeabi_fmul                             0x0800229d   Thumb Code     0  fmul.o(x$fpl$fmul)
    _fmul                                    0x0800229d   Thumb Code   258  fmul.o(x$fpl$fmul)
    __fpl_fnaninf                            0x0800239f   Thumb Code   140  fnaninf.o(x$fpl$fnaninf)
    __fpl_fretinf                            0x0800242b   Thumb Code    10  fretinf.o(x$fpl$fretinf)
    AHBPrescTable                            0x08002434   Data          16  system_stm32l1xx.o(.rodata.AHBPrescTable)
    __I$use$fp                               0x08002434   Number         0  usenofp.o(x$fpl$usenofp)
    APBPrescTable                            0x08002444   Data           8  system_stm32l1xx.o(.rodata.APBPrescTable)
    PLLMulTable                              0x0800244c   Data           9  system_stm32l1xx.o(.rodata.PLLMulTable)
    Region$$Table$$Base                      0x08002458   Number         0  anon$$obj.o(Region$$Table)
    Region$$Table$$Limit                     0x08002478   Number         0  anon$$obj.o(Region$$Table)
    threshold_temperature                    0x20000000   Data           4  main.o(.data..L_MergedGlobals)
    emergency_threshold_temperature          0x20000004   Data           4  main.o(.data..L_MergedGlobals)
    normal_delay                             0x20000008   Data           4  main.o(.data..L_MergedGlobals)
    fast_delay                               0x2000000c   Data           4  main.o(.data..L_MergedGlobals)
    emergency_delay                          0x20000010   Data           4  main.o(.data..L_MergedGlobals)
    uwTickPrio                               0x20000014   Data           4  stm32l1xx_hal.o(.data..L_MergedGlobals)
    uwTickFreq                               0x20000018   Data           4  stm32l1xx_hal.o(.data..L_MergedGlobals)
    SystemCoreClock                          0x2000001c   Data           4  system_stm32l1xx.o(.data.SystemCoreClock)
    __libspace_start                         0x20000020   Data          96  libspace.o(.bss)
    __temporary_stack_top$libspace           0x20000080   Data           0  libspace.o(.bss)
    hi2c1                                    0x20000080   Data          84  main.o(.bss.hi2c1)
    hspi2                                    0x200000d4   Data          88  main.o(.bss.hspi2)
    uwTick                                   0x2000012c   Data           4  stm32l1xx_hal.o(.bss.uwTick)



==============================================================================

Memory Map of the image

  Image Entry point : 0x080000f5

  Load Region LR_IROM1 (Base: 0x08000000, Size: 0x00002498, Max: 0x00010000, ABSOLUTE)

    Execution Region ER_IROM1 (Exec base: 0x08000000, Load base: 0x08000000, Size: 0x00002478, Max: 0x00010000, ABSOLUTE)

    Exec Addr    Load Addr    Size         Type   Attr      Idx    E Section Name        Object

    0x08000000   0x08000000   0x000000f4   Data   RO            3    RESET               startup_stm32l151xba.o
    0x080000f4   0x080000f4   0x00000008   Code   RO          767  * !!!main             c_w.l(__main.o)
    0x080000fc   0x080000fc   0x0000005c   Code   RO          969    !!!scatter          c_w.l(__scatter.o)
    0x08000158   0x08000158   0x0000001a   Code   RO          973    !!handler_copy      c_w.l(__scatter_copy.o)
    0x08000172   0x08000172   0x00000002   PAD
    0x08000174   0x08000174   0x00000002   Code   RO          970    !!handler_null      c_w.l(__scatter.o)
    0x08000176   0x08000176   0x00000002   PAD
    0x08000178   0x08000178   0x0000001c   Code   RO          975    !!handler_zi        c_w.l(__scatter_zi.o)
    0x08000194   0x08000194   0x00000002   Code   RO          831    .ARM.Collect$$libinit$$00000000  c_w.l(libinit.o)
    0x08000196   0x08000196   0x00000000   Code   RO          844    .ARM.Collect$$libinit$$00000002  c_w.l(libinit2.o)
    0x08000196   0x08000196   0x00000000   Code   RO          846    .ARM.Collect$$libinit$$00000004  c_w.l(libinit2.o)
    0x08000196   0x08000196   0x00000000   Code   RO          848    .ARM.Collect$$libinit$$00000006  c_w.l(libinit2.o)
    0x08000196   0x08000196   0x00000000   Code   RO          851    .ARM.Collect$$libinit$$0000000C  c_w.l(libinit2.o)
    0x08000196   0x08000196   0x00000000   Code   RO          853    .ARM.Collect$$libinit$$0000000E  c_w.l(libinit2.o)
    0x08000196   0x08000196   0x00000000   Code   RO          855    .ARM.Collect$$libinit$$00000010  c_w.l(libinit2.o)
    0x08000196   0x08000196   0x00000000   Code   RO          858    .ARM.Collect$$libinit$$00000013  c_w.l(libinit2.o)
    0x08000196   0x08000196   0x00000000   Code   RO          860    .ARM.Collect$$libinit$$00000015  c_w.l(libinit2.o)
    0x08000196   0x08000196   0x00000000   Code   RO          862    .ARM.Collect$$libinit$$00000017  c_w.l(libinit2.o)
    0x08000196   0x08000196   0x00000000   Code   RO          864    .ARM.Collect$$libinit$$00000019  c_w.l(libinit2.o)
    0x08000196   0x08000196   0x00000000   Code   RO          866    .ARM.Collect$$libinit$$0000001B  c_w.l(libinit2.o)
    0x08000196   0x08000196   0x00000000   Code   RO          868    .ARM.Collect$$libinit$$0000001D  c_w.l(libinit2.o)
    0x08000196   0x08000196   0x00000000   Code   RO          870    .ARM.Collect$$libinit$$0000001F  c_w.l(libinit2.o)
    0x08000196   0x08000196   0x00000000   Code   RO          872    .ARM.Collect$$libinit$$00000021  c_w.l(libinit2.o)
    0x08000196   0x08000196   0x00000000   Code   RO          874    .ARM.Collect$$libinit$$00000023  c_w.l(libinit2.o)
    0x08000196   0x08000196   0x00000000   Code   RO          876    .ARM.Collect$$libinit$$00000025  c_w.l(libinit2.o)
    0x08000196   0x08000196   0x00000000   Code   RO          878    .ARM.Collect$$libinit$$00000027  c_w.l(libinit2.o)
    0x08000196   0x08000196   0x00000000   Code   RO          882    .ARM.Collect$$libinit$$0000002E  c_w.l(libinit2.o)
    0x08000196   0x08000196   0x00000000   Code   RO          884    .ARM.Collect$$libinit$$00000030  c_w.l(libinit2.o)
    0x08000196   0x08000196   0x00000000   Code   RO          886    .ARM.Collect$$libinit$$00000032  c_w.l(libinit2.o)
    0x08000196   0x08000196   0x00000000   Code   RO          888    .ARM.Collect$$libinit$$00000034  c_w.l(libinit2.o)
    0x08000196   0x08000196   0x00000002   Code   RO          889    .ARM.Collect$$libinit$$00000035  c_w.l(libinit2.o)
    0x08000198   0x08000198   0x00000002   Code   RO          924    .ARM.Collect$$libshutdown$$00000000  c_w.l(libshutdown.o)
    0x0800019a   0x0800019a   0x00000000   Code   RO          952    .ARM.Collect$$libshutdown$$00000002  c_w.l(libshutdown2.o)
    0x0800019a   0x0800019a   0x00000000   Code   RO          954    .ARM.Collect$$libshutdown$$00000004  c_w.l(libshutdown2.o)
    0x0800019a   0x0800019a   0x00000000   Code   RO          957    .ARM.Collect$$libshutdown$$00000007  c_w.l(libshutdown2.o)
    0x0800019a   0x0800019a   0x00000000   Code   RO          960    .ARM.Collect$$libshutdown$$0000000A  c_w.l(libshutdown2.o)
    0x0800019a   0x0800019a   0x00000000   Code   RO          962    .ARM.Collect$$libshutdown$$0000000C  c_w.l(libshutdown2.o)
    0x0800019a   0x0800019a   0x00000000   Code   RO          965    .ARM.Collect$$libshutdown$$0000000F  c_w.l(libshutdown2.o)
    0x0800019a   0x0800019a   0x00000002   Code   RO          966    .ARM.Collect$$libshutdown$$00000010  c_w.l(libshutdown2.o)
    0x0800019c   0x0800019c   0x00000000   Code   RO          783    .ARM.Collect$$rtentry$$00000000  c_w.l(__rtentry.o)
    0x0800019c   0x0800019c   0x00000000   Code   RO          800    .ARM.Collect$$rtentry$$00000002  c_w.l(__rtentry2.o)
    0x0800019c   0x0800019c   0x00000006   Code   RO          812    .ARM.Collect$$rtentry$$00000004  c_w.l(__rtentry4.o)
    0x080001a2   0x080001a2   0x00000000   Code   RO          802    .ARM.Collect$$rtentry$$00000009  c_w.l(__rtentry2.o)
    0x080001a2   0x080001a2   0x00000004   Code   RO          803    .ARM.Collect$$rtentry$$0000000A  c_w.l(__rtentry2.o)
    0x080001a6   0x080001a6   0x00000000   Code   RO          805    .ARM.Collect$$rtentry$$0000000C  c_w.l(__rtentry2.o)
    0x080001a6   0x080001a6   0x00000008   Code   RO          806    .ARM.Collect$$rtentry$$0000000D  c_w.l(__rtentry2.o)
    0x080001ae   0x080001ae   0x00000002   Code   RO          835    .ARM.Collect$$rtexit$$00000000  c_w.l(rtexit.o)
    0x080001b0   0x080001b0   0x00000000   Code   RO          895    .ARM.Collect$$rtexit$$00000002  c_w.l(rtexit2.o)
    0x080001b0   0x080001b0   0x00000004   Code   RO          896    .ARM.Collect$$rtexit$$00000003  c_w.l(rtexit2.o)
    0x080001b4   0x080001b4   0x00000006   Code   RO          897    .ARM.Collect$$rtexit$$00000004  c_w.l(rtexit2.o)
    0x080001ba   0x080001ba   0x00000002   PAD
    0x080001bc   0x080001bc   0x00000040   Code   RO            4    .text               startup_stm32l151xba.o
    0x080001fc   0x080001fc   0x000000f0   Code   RO          761    .text               c_w.l(lludivv7m.o)
    0x080002ec   0x080002ec   0x0000004e   Code   RO          763    .text               c_w.l(rt_memclr_w.o)
    0x0800033a   0x0800033a   0x00000006   Code   RO          765    .text               c_w.l(heapauxi.o)
    0x08000340   0x08000340   0x0000004a   Code   RO          818    .text               c_w.l(sys_stackheap_outer.o)
    0x0800038a   0x0800038a   0x00000012   Code   RO          820    .text               c_w.l(exit.o)
    0x0800039c   0x0800039c   0x00000008   Code   RO          832    .text               c_w.l(libspace.o)
    0x080003a4   0x080003a4   0x0000000c   Code   RO          890    .text               c_w.l(sys_exit.o)
    0x080003b0   0x080003b0   0x00000002   Code   RO          913    .text               c_w.l(use_no_semi.o)
    0x080003b2   0x080003b2   0x00000000   Code   RO          915    .text               c_w.l(indicate_semi.o)
    0x080003b2   0x080003b2   0x00000002   PAD
    0x080003b4   0x080003b4   0x00000002   Code   RO           61    .text.BusFault_Handler  stm32l1xx_it.o
    0x080003b6   0x080003b6   0x00000002   PAD
    0x080003b8   0x080003b8   0x00000002   Code   RO           67    .text.DebugMon_Handler  stm32l1xx_it.o
    0x080003ba   0x080003ba   0x00000002   PAD
    0x080003bc   0x080003bc   0x00000028   Code   RO          256    .text.HAL_Delay     stm32l1xx_hal.o
    0x080003e4   0x080003e4   0x000001a6   Code   RO          437    .text.HAL_GPIO_Init  stm32l1xx_hal_gpio.o
    0x0800058a   0x0800058a   0x00000002   PAD
    0x0800058c   0x0800058c   0x0000000a   Code   RO          441    .text.HAL_GPIO_ReadPin  stm32l1xx_hal_gpio.o
    0x08000596   0x08000596   0x00000002   PAD
    0x08000598   0x08000598   0x0000000a   Code   RO          443    .text.HAL_GPIO_WritePin  stm32l1xx_hal_gpio.o
    0x080005a2   0x080005a2   0x00000002   PAD
    0x080005a4   0x080005a4   0x0000000c   Code   RO          248    .text.HAL_GetTick   stm32l1xx_hal.o
    0x080005b0   0x080005b0   0x00000164   Code   RO           98    .text.HAL_I2C_Init  stm32l1xx_hal_i2c.o
    0x08000714   0x08000714   0x00000248   Code   RO          146    .text.HAL_I2C_Mem_Read  stm32l1xx_hal_i2c.o
    0x0800095c   0x0800095c   0x00000070   Code   RO           82    .text.HAL_I2C_MspInit  stm32l1xx_hal_msp.o
    0x080009cc   0x080009cc   0x0000001a   Code   RO          246    .text.HAL_IncTick   stm32l1xx_hal.o
    0x080009e6   0x080009e6   0x00000002   PAD
    0x080009e8   0x080009e8   0x0000001e   Code   RO          236    .text.HAL_Init      stm32l1xx_hal.o
    0x08000a06   0x08000a06   0x00000002   PAD
    0x08000a08   0x08000a08   0x00000050   Code   RO          238    .text.HAL_InitTick  stm32l1xx_hal.o
    0x08000a58   0x08000a58   0x0000004a   Code   RO           80    .text.HAL_MspInit   stm32l1xx_hal_msp.o
    0x08000aa2   0x08000aa2   0x00000002   PAD
    0x08000aa4   0x08000aa4   0x00000056   Code   RO          558    .text.HAL_NVIC_SetPriority  stm32l1xx_hal_cortex.o
    0x08000afa   0x08000afa   0x00000002   PAD
    0x08000afc   0x08000afc   0x00000020   Code   RO          556    .text.HAL_NVIC_SetPriorityGrouping  stm32l1xx_hal_cortex.o
    0x08000b1c   0x08000b1c   0x00000226   Code   RO          300    .text.HAL_RCC_ClockConfig  stm32l1xx_hal_rcc.o
    0x08000d42   0x08000d42   0x00000002   PAD
    0x08000d44   0x08000d44   0x00000026   Code   RO          312    .text.HAL_RCC_GetPCLK1Freq  stm32l1xx_hal_rcc.o
    0x08000d6a   0x08000d6a   0x00000002   PAD
    0x08000d6c   0x08000d6c   0x00000578   Code   RO          298    .text.HAL_RCC_OscConfig  stm32l1xx_hal_rcc.o
    0x080012e4   0x080012e4   0x000000a0   Code   RO          628    .text.HAL_SPI_Init  stm32l1xx_hal_spi.o
    0x08001384   0x08001384   0x00000072   Code   RO           86    .text.HAL_SPI_MspInit  stm32l1xx_hal_msp.o
    0x080013f6   0x080013f6   0x00000002   PAD
    0x080013f8   0x080013f8   0x00000274   Code   RO          636    .text.HAL_SPI_Transmit  stm32l1xx_hal_spi.o
    0x0800166c   0x0800166c   0x0000002c   Code   RO          568    .text.HAL_SYSTICK_Config  stm32l1xx_hal_cortex.o
    0x08001698   0x08001698   0x00000002   Code   RO           57    .text.HardFault_Handler  stm32l1xx_it.o
    0x0800169a   0x0800169a   0x00000002   PAD
    0x0800169c   0x0800169c   0x00000112   Code   RO          148    .text.I2C_RequestMemoryRead  stm32l1xx_hal_i2c.o
    0x080017ae   0x080017ae   0x00000002   PAD
    0x080017b0   0x080017b0   0x000001ca   Code   RO          108    .text.I2C_WaitOnFlagUntilTimeout  stm32l1xx_hal_i2c.o
    0x0800197a   0x0800197a   0x00000002   PAD
    0x0800197c   0x0800197c   0x000000d6   Code   RO          226    .text.I2C_WaitOnMasterAddressFlagUntilTimeout  stm32l1xx_hal_i2c.o
    0x08001a52   0x08001a52   0x00000002   PAD
    0x08001a54   0x08001a54   0x00000090   Code   RO          116    .text.I2C_WaitOnRXNEFlagUntilTimeout  stm32l1xx_hal_i2c.o
    0x08001ae4   0x08001ae4   0x000000ba   Code   RO          110    .text.I2C_WaitOnTXEFlagUntilTimeout  stm32l1xx_hal_i2c.o
    0x08001b9e   0x08001b9e   0x00000002   PAD
    0x08001ba0   0x08001ba0   0x00000002   Code   RO           59    .text.MemManage_Handler  stm32l1xx_it.o
    0x08001ba2   0x08001ba2   0x00000002   PAD
    0x08001ba4   0x08001ba4   0x00000002   Code   RO           55    .text.NMI_Handler   stm32l1xx_it.o
    0x08001ba6   0x08001ba6   0x00000002   PAD
    0x08001ba8   0x08001ba8   0x00000002   Code   RO           69    .text.PendSV_Handler  stm32l1xx_it.o
    0x08001baa   0x08001baa   0x00000002   PAD
    0x08001bac   0x08001bac   0x000000e4   Code   RO          732    .text.SPI_WaitFlagStateUntilTimeout  stm32l1xx_hal_spi.o
    0x08001c90   0x08001c90   0x00000002   Code   RO           65    .text.SVC_Handler   stm32l1xx_it.o
    0x08001c92   0x08001c92   0x00000002   PAD
    0x08001c94   0x08001c94   0x00000004   Code   RO           71    .text.SysTick_Handler  stm32l1xx_it.o
    0x08001c98   0x08001c98   0x00000002   Code   RO          744    .text.SystemInit    system_stm32l1xx.o
    0x08001c9a   0x08001c9a   0x00000002   PAD
    0x08001c9c   0x08001c9c   0x00000002   Code   RO           63    .text.UsageFault_Handler  stm32l1xx_it.o
    0x08001c9e   0x08001c9e   0x00000002   PAD
    0x08001ca0   0x08001ca0   0x000001a2   Code   RO           35    .text.check_temperature_threshold  main.o
    0x08001e42   0x08001e42   0x00000002   PAD
    0x08001e44   0x08001e44   0x00000022   Code   RO           11    .text.lr11xx_hal_reset  lr11xx_hal.o
    0x08001e66   0x08001e66   0x00000002   PAD
    0x08001e68   0x08001e68   0x00000022   Code   RO           13    .text.lr11xx_hal_wakeup  lr11xx_hal.o
    0x08001e8a   0x08001e8a   0x00000002   PAD
    0x08001e8c   0x08001e8c   0x00000058   Code   RO           15    .text.lr11xx_hal_write  lr11xx_hal.o
    0x08001ee4   0x08001ee4   0x000001ac   Code   RO           37    .text.main          main.o
    0x08002090   0x08002090   0x00000054   Code   RO          769    x$fpl$fcmp          fz_ws.l(fcmp.o)
    0x080020e4   0x080020e4   0x00000018   Code   RO          816    x$fpl$fcmpinf       fz_ws.l(fcmpi.o)
    0x080020fc   0x080020fc   0x00000068   Code   RO          788    x$fpl$feqf          fz_ws.l(feqf.o)
    0x08002164   0x08002164   0x00000036   Code   RO          771    x$fpl$ffix          fz_ws.l(ffix.o)
    0x0800219a   0x0800219a   0x00000002   PAD
    0x0800219c   0x0800219c   0x00000030   Code   RO          776    x$fpl$fflt          fz_ws.l(fflt_clz.o)
    0x080021cc   0x080021cc   0x00000068   Code   RO          790    x$fpl$fgeqf         fz_ws.l(fgeqf.o)
    0x08002234   0x08002234   0x00000068   Code   RO          792    x$fpl$fleqf         fz_ws.l(fleqf.o)
    0x0800229c   0x0800229c   0x00000102   Code   RO          781    x$fpl$fmul          fz_ws.l(fmul.o)
    0x0800239e   0x0800239e   0x0000008c   Code   RO          794    x$fpl$fnaninf       fz_ws.l(fnaninf.o)
    0x0800242a   0x0800242a   0x0000000a   Code   RO          796    x$fpl$fretinf       fz_ws.l(fretinf.o)
    0x08002434   0x08002434   0x00000000   Code   RO          798    x$fpl$usenofp       fz_ws.l(usenofp.o)
    0x08002434   0x08002434   0x00000010   Data   RO          750    .rodata.AHBPrescTable  system_stm32l1xx.o
    0x08002444   0x08002444   0x00000008   Data   RO          751    .rodata.APBPrescTable  system_stm32l1xx.o
    0x0800244c   0x0800244c   0x00000009   Data   RO          749    .rodata.PLLMulTable  system_stm32l1xx.o
    0x08002455   0x08002455   0x00000003   PAD
    0x08002458   0x08002458   0x00000020   Data   RO          968    Region$$Table       anon$$obj.o


    Execution Region RW_IRAM1 (Exec base: 0x20000000, Load base: 0x08002478, Size: 0x00000730, Max: 0x00008000, ABSOLUTE)

    Exec Addr    Load Addr    Size         Type   Attr      Idx    E Section Name        Object

    0x20000000   0x08002478   0x00000014   Data   RW           46    .data..L_MergedGlobals  main.o
    0x20000014   0x0800248c   0x00000008   Data   RW          287    .data..L_MergedGlobals  stm32l1xx_hal.o
    0x2000001c   0x08002494   0x00000004   Data   RW          748    .data.SystemCoreClock  system_stm32l1xx.o
    0x20000020        -       0x00000060   Zero   RW          833    .bss                c_w.l(libspace.o)
    0x20000080        -       0x00000054   Zero   RW           43    .bss.hi2c1          main.o
    0x200000d4        -       0x00000058   Zero   RW           44    .bss.hspi2          main.o
    0x2000012c        -       0x00000004   Zero   RW          286    .bss.uwTick         stm32l1xx_hal.o
    0x20000130        -       0x00000200   Zero   RW            2    HEAP                startup_stm32l151xba.o
    0x20000330        -       0x00000400   Zero   RW            1    STACK               startup_stm32l151xba.o


==============================================================================

Image component sizes


      Code (inc. data)   RO Data    RW Data    ZI Data      Debug   Object Name

       156          0          0          0          0       5668   lr11xx_hal.o
       846         36          0         20        172       9815   main.o
        64         26        244          0       1536        812   startup_stm32l151xba.o
       188          0          0          8          4       5810   stm32l1xx_hal.o
       162          0          0          0          0       9678   stm32l1xx_hal_cortex.o
       442          0          0          0          0       4498   stm32l1xx_hal_gpio.o
      2216          0          0          0          0      44034   stm32l1xx_hal_i2c.o
       300          0          0          0          0       6097   stm32l1xx_hal_msp.o
      1988          6          0          0          0       9155   stm32l1xx_hal_rcc.o
      1016          0          0          0          0      27460   stm32l1xx_hal_spi.o
        20          0          0          0          0       1157   stm32l1xx_it.o
         2          0         33          4          0       1963   system_stm32l1xx.o

    ----------------------------------------------------------------------
      7452         68        312         32       1712     126147   Object Totals
         0          0         32          0          0          0   (incl. Generated)
        52          0          3          0          0          0   (incl. Padding)

    ----------------------------------------------------------------------

      Code (inc. data)   RO Data    RW Data    ZI Data      Debug   Library Member Name

         8          0          0          0          0         68   __main.o
         0          0          0          0          0          0   __rtentry.o
        12          0          0          0          0          0   __rtentry2.o
         6          0          0          0          0          0   __rtentry4.o
        94          8          0          0          0          0   __scatter.o
        26          0          0          0          0          0   __scatter_copy.o
        28          0          0          0          0          0   __scatter_zi.o
        18          0          0          0          0         80   exit.o
         6          0          0          0          0        152   heapauxi.o
         0          0          0          0          0          0   indicate_semi.o
         2          0          0          0          0          0   libinit.o
         2          0          0          0          0          0   libinit2.o
         2          0          0          0          0          0   libshutdown.o
         2          0          0          0          0          0   libshutdown2.o
         8          4          0          0         96         68   libspace.o
       240          0          0          0          0        100   lludivv7m.o
        78          0          0          0          0         80   rt_memclr_w.o
         2          0          0          0          0          0   rtexit.o
        10          0          0          0          0          0   rtexit2.o
        12          4          0          0          0         68   sys_exit.o
        74          0          0          0          0         80   sys_stackheap_outer.o
         2          0          0          0          0         68   use_no_semi.o
        84          0          0          0          0        196   fcmp.o
        24          0          0          0          0         68   fcmpi.o
       104          4          0          0          0         84   feqf.o
        54          4          0          0          0         84   ffix.o
        48          0          0          0          0         68   fflt_clz.o
       104          4          0          0          0         84   fgeqf.o
       104          4          0          0          0         84   fleqf.o
       258          4          0          0          0         84   fmul.o
       140          4          0          0          0         84   fnaninf.o
        10          0          0          0          0         68   fretinf.o
         0          0          0          0          0          0   usenofp.o

    ----------------------------------------------------------------------
      1572         40          0          0         96       1668   Library Totals
        10          0          0          0          0          0   (incl. Padding)

    ----------------------------------------------------------------------

      Code (inc. data)   RO Data    RW Data    ZI Data      Debug   Library Name

       632         16          0          0         96        764   c_w.l
       930         24          0          0          0        904   fz_ws.l

    ----------------------------------------------------------------------
      1572         40          0          0         96       1668   Library Totals

    ----------------------------------------------------------------------

==============================================================================


      Code (inc. data)   RO Data    RW Data    ZI Data      Debug   

      9024        108        312         32       1808     126951   Grand Totals
      9024        108        312         32       1808     126951   ELF Image Totals
      9024        108        312         32          0          0   ROM Totals

==============================================================================

    Total RO  Size (Code + RO Data)                 9336 (   9.12kB)
    Total RW  Size (RW Data + ZI Data)              1840 (   1.80kB)
    Total ROM Size (Code + RO Data + RW Data)       9368 (   9.15kB)

==============================================================================

